Microchip MPLAB XC8 Compiler V2.50

Linker command line:

-W-3 --edf=/Applications/microchip/xc8/v2.50/pic/dat/20240725155939_en.msgs \
  -cn -h+dist/default/debug/final.X.debug.sym \
  --cmf=dist/default/debug/final.X.debug.cmf -z -Q18F4520 \
  -o/tmp/xcJtaRM9K/driver_tmp_3.o --defsym=__MPLAB_BUILD=1 \
  --fixupoverflow=error -Mdist/default/debug/final.X.debug.map \
  --md=/tmp/xcJtaRM9K/driver_tmp_0.dat -E1 -ver=XC8 Compiler --acfsm=1493 \
  -ACODE=00h-07D3Fh -ACONST=00h-07D3Fh \
  -ASMALLCONST=0600h-06FFhx119,07D00h-07D3Fh -AMEDIUMCONST=0600h-07D3Fh \
  -ACOMRAM=01h-07Fh -AABS1=00h-05EEh -ABIGRAM=01h-05EEh \
  -ARAM=080h-0FFh,0100h-01FFhx4,0500h-05EEh -ABANK0=080h-0FFh \
  -ABANK1=0100h-01FFh -ABANK2=0200h-02FFh -ABANK3=0300h-03FFh \
  -ABANK4=0400h-04FFh -ABANK5=0500h-05EEh \
  -ASFR=0F80h-0F9Bh,0F9Dh-0FD3h,0FD5h-0FDAh,0FE0h-0FE2h,0FE8h-0FEAh,0FF0h-0FFBh \
  -ABIGSFR=0F80h-0F9Bh,0F9Dh-0FD3h,0FD5h-0FDAh,0FE0h-0FE2h,0FE8h-0FEAh,0FF0h-0FFBh \
  -ACONFIG=0300000h-030000Dh -AIDLOC=0200000h-0200007h \
  -AEEDATA=0F00000h-0F000FFh -peeprom_data=EEDATA \
  -preset_vec=00h,intcode=8h,intcodelo=18h,powerup,init -pramtop=0600h \
  -psmallconst=SMALLCONST -pmediumconst=MEDIUMCONST -pconst=CONST \
  -AFARRAM=00h-00h \
  -prdata=COMRAM,nvrram=COMRAM,nvbit=COMRAM,rbss=COMRAM,rbit=COMRAM \
  -pfarbss=FARRAM,fardata=FARRAM,nvFARRAM=FARRAM \
  -pintsave_regs=BIGRAM,bigbss=BIGRAM,bigdata=BIGRAM -pbss=RAM \
  -pidata=CODE,irdata=CODE,ibigdata=CODE,ifardata=CODE -prparam=COMRAM \
  /tmp/xcJtaRM9K/driver_tmp_9.o dist/default/debug/final.X.debug.o 

Object code version is 3.11

Machine type is 18F4520



                Name                               Link     Load   Length Selector   Space Scale
/tmp/xcJtaRM9K/driver_tmp_9.o
                idloc                            200000   200000        8        0       5
                config                           300000   300000        E        0       4
                init                                 6C       6C        4        C       0
                reset_vec                             0        0        6        0       0
dist/default/debug/final.X.debug.o
                intcodelo                            18       18       54        C       0
                intcode                               8        8        6        4       0
                idloc                            200000   200000        8        0       5
                config                           300000   300000        E        0       4
                temp                                 2E       2E        1        1       1
                smallconst                          600      600       26      300       0
                text20                              F5A      F5A        2      313       0
                text19                              F58      F58        2      313       0
                intcode_body                        B82      B82       80      313       0
                text17                              D32      D32       62      313       0
                text16                              E3A      E3A       4E      313       0
                text14                              AF0      AF0       92      313       0
                text13                              E88      E88       40      313       0
                text12                              D94      D94       54      313       0
                text11                              C02      C02       6A      313       0
                text10                              F30      F30       26      313       0
                text9                               CD0      CD0       62      313       0
                text8                               EC8      EC8       36      313       0
                text7                               626      626      17E      313       0
                text6                               F56      F56        2      313       0
                text5                               980      980       C2      313       0
                text4                               A42      A42       AE      313       0
                text3                               DE8      DE8       52      313       0
                text2                               8A4      8A4       DC      313       0
                text1                               7A4      7A4      100      313       0
                text0                               C6C      C6C       64      313       0
                cstackCOMRAM                          1        1       26        1       1
                cstackBANK0                          80       80       66       80       1
                cstackBANK1                         100      100       CE      100       1
                bssBANK3                            300      300       64      300       1
                bssBANK2                            200      200       C8      200       1
                bssCOMRAM                            27       27        7        1       1
                cinit                               EFE      EFE       32      313       0

TOTAL           Name                               Link     Load   Length     Space
        CLASS   CODE           
                intcodelo                            18       18       54         0
                intcode                               8        8        6         0
                init                                 6C       6C        4         0
                reset_vec                             0        0        6         0
                text20                              F5A      F5A        2         0
                text19                              F58      F58        2         0
                intcode_body                        B82      B82       80         0
                text17                              D32      D32       62         0
                text16                              E3A      E3A       4E         0
                text14                              AF0      AF0       92         0
                text13                              E88      E88       40         0
                text12                              D94      D94       54         0
                text11                              C02      C02       6A         0
                text10                              F30      F30       26         0
                text9                               CD0      CD0       62         0
                text8                               EC8      EC8       36         0
                text7                               626      626      17E         0
                text6                               F56      F56        2         0
                text5                               980      980       C2         0
                text4                               A42      A42       AE         0
                text3                               DE8      DE8       52         0
                text2                               8A4      8A4       DC         0
                text1                               7A4      7A4      100         0
                text0                               C6C      C6C       64         0
                cinit                               EFE      EFE       32         0

        CLASS   CONST          

        CLASS   SMALLCONST     
                smallconst                          600      600       26         0

        CLASS   MEDIUMCONST    

        CLASS   COMRAM         
                temp                                 2E       2E        1         1
                cstackCOMRAM                          1        1       26         1
                bssCOMRAM                            27       27        7         1

        CLASS   ABS1           

        CLASS   BIGRAM         

        CLASS   RAM            

        CLASS   BANK0          
                cstackBANK0                          80       80       66         1

        CLASS   BANK1          
                cstackBANK1                         100      100       CE         1

        CLASS   BANK2          
                bssBANK2                            200      200       C8         1

        CLASS   BANK3          
                bssBANK3                            300      300       64         1

        CLASS   BANK4          

        CLASS   BANK5          

        CLASS   SFR            

        CLASS   BIGSFR         

        CLASS   CONFIG         
                config                           300000   300000        E         4

        CLASS   IDLOC          
                idloc                            200000   200000        8         5

        CLASS   EEDATA         

        CLASS   FARRAM         

        CLASS   HEAP           

        CLASS   STACK          



SEGMENTS        Name                           Load    Length   Top    Selector   Space  Class

                cstackBANK0                    000080  000066  0000E6        80       1  BANK0   
                reset_vec                      000000  000006  000006         0       0  CODE    
                cstackCOMRAM                   000001  00002E  00002F         1       1  COMRAM  
                text7                          000626  000936  000F5C       313       0  CODE    
                bssBANK3                       000300  000064  000364       300       1  BANK3   
                cstackBANK1                    000100  0000CE  0001CE       100       1  BANK1   
                bssBANK2                       000200  0000C8  0002C8       200       1  BANK2   
                intcodelo                      000018  000058  000070         C       0  CODE    
                intcode                        000008  000006  00000E         4       0  CODE    
                smallconst                     000600  000026  000626       300       0  SMALLCON


UNUSED ADDRESS RANGES

        Name                Unused          Largest block    Delta
        BANK0            0000E6-0000FF               1A
        BANK1            0001CE-0001FF               32
        BANK2            0002C8-0002FF               38
        BANK3            000364-0003FF               9C
        BANK4            000400-0004FF              100
        BANK5            000500-0005EE               EF
        BIGRAM           00002F-00007F               51
                         0000E6-0000FF               1A
                         0001CE-0001FF               32
                         0002C8-0002FF               38
                         000364-0005EE              28B
        BIGSFR           000F80-000F9B               1C
                         000F9D-000FD3               37
                         000FD5-000FDA                6
                         000FE0-000FE2                3
                         000FE8-000FEA                3
                         000FF0-000FFB                C
        CODE             000006-000007                2
                         00000E-000017                A
                         000070-0005FF              590
                         000F5C-007D3F             6DE4
        COMRAM           00002F-00007F               51
        CONST            000006-000007                2
                         00000E-000017                A
                         000070-0005FF              590
                         000F5C-007D3F             6DE4
        EEDATA           F00000-F000FF              100
        MEDIUMCONST      000F5C-007D3F             6DE4
        RAM              0000E6-0000FF               1A
                         0001CE-0001FF               32
                         0002C8-0002FF               38
                         000364-0005EE              100
        SFR              000F80-000F9B               1C
                         000F9D-000FD3               37
                         000FD5-000FDA                6
                         000FE0-000FE2                3
                         000FE8-000FEA                3
                         000FF0-000FFB                C
        SMALLCONST       000F5C-007D3F              100

                                  Symbol Table

?_GetString                        cstackCOMRAM 000017
?___awdiv                          cstackCOMRAM 00000F
?___awmod                          cstackCOMRAM 00000F
?___wmul                           cstackCOMRAM 00000F
?_get_StepLength                   cstackCOMRAM 00001A
?_strlen                           cstackCOMRAM 00000F
ClearBuffer@i                      cstackCOMRAM 00000F
GetString@str                      cstackCOMRAM 000017
H_ISR@value                        cstackCOMRAM 000005
MyusartRead@data                   cstackCOMRAM 000009
_ADCON0bits                        (abs)        000FC2
_ADCON1bits                        (abs)        000FC1
_ADCON2bits                        (abs)        000FC0
_ADRESH                            (abs)        000FC4
_ADRESL                            (abs)        000FC3
_BAUDCONbits                       (abs)        000FB8
_CCP1CONbits                       (abs)        000FBD
_CCPR1L                            (abs)        000FBE
_CREN                              (abs)        007D5C
_ClearBuffer                       text13       000E88
_GetString                         text11       000C02
_H_ISR                             intcode      000008
_INTCONbits                        (abs)        000FF2
_IPR1bits                          (abs)        000F9F
_Initialize                        text14       000AF0
_LATA                              (abs)        000F89
_LATC                              (abs)        000F8B
_Lo_ISR                            intcodelo    000018
_MyusartRead                       text16       000E3A
_OSCCONbits                        (abs)        000FD3
_PIE1bits                          (abs)        000F9D
_PIR1bits                          (abs)        000F9E
_PR2                               (abs)        000FCB
_RCIF                              (abs)        007CF5
_RCONbits                          (abs)        000FD0
_RCREG                             (abs)        000FAE
_RCSTAbits                         (abs)        000FAB
_SPBRG                             (abs)        000FAF
_T2CON                             (abs)        000FCA
_T2CONbits                         (abs)        000FCA
_TRISA                             (abs)        000F92
_TRISAbits                         (abs)        000F92
_TRISB                             (abs)        000F93
_TRISC                             (abs)        000F94
_TRISCbits                         (abs)        000F94
_TXREG                             (abs)        000FAD
_TXSTAbits                         (abs)        000FAC
__HRAM                             (abs)        000000
__H__absolute__                    __absolute__ 000000
__Habs1                            abs1         000000
__Hbank0                           bank0        000000
__Hbank1                           bank1        000000
__Hbank2                           bank2        000000
__Hbank3                           bank3        000000
__Hbank4                           bank4        000000
__Hbank5                           bank5        000000
__Hbigbss                          bigbss       000000
__Hbigdata                         bigdata      000000
__Hbigram                          bigram       000000
__Hbigsfr                          bigsfr       000000
__Hbss                             bss          000000
__HbssBANK2                        bssBANK2     000000
__HbssBANK3                        bssBANK3     000000
__HbssCOMRAM                       bssCOMRAM    000000
__Hcinit                           cinit        000000
__Hclrtext                         clrtext      000000
__Hcomram                          comram       000000
__Hconfig                          config       30000E
__Hconst                           const        000000
__HcstackBANK0                     cstackBANK0  000000
__HcstackBANK1                     cstackBANK1  000000
__HcstackCOMRAM                    cstackCOMRAM 000000
__Hdata                            data         000000
__Heeprom_data                     eeprom_data  000000
__Hfarbss                          farbss       000000
__Hfardata                         fardata      000000
__Hheap                            heap         000000
__Hibigdata                        ibigdata     000000
__Hidata                           idata        000000
__Hidloc                           idloc        200008
__Hifardata                        ifardata     000000
__Hinit                            init         000070
__Hintcode                         intcode      00000E
__Hintcode_body                    intcode_body 000000
__Hintcodelo                       intcodelo    00006C
__Hintentry                        intentry     000000
__Hintret                          intret       000000
__Hintsave_regs                    intsave_regs 000000
__Hirdata                          irdata       000000
__Hmediumconst                     mediumconst  000000
__HnvFARRAM                        nvFARRAM     000000
__Hnvbit                           nvbit        000000
__Hnvrram                          nvrram       000000
__Hparam                           rparam       000000
__Hpowerup                         powerup      00006C
__Hram                             ram          000000
__Hramtop                          ramtop       000600
__Hrbit                            rbit         000000
__Hrbss                            rbss         000000
__Hrdata                           rdata        000000
__Hreset_vec                       reset_vec    000006
__Hrparam                          rparam       000000
__Hsfr                             sfr          000000
__Hsivt_hi                         sivt_hi      000000
__Hsivt_lo                         sivt_lo      000000
__Hsmallconst                      smallconst   000626
__Hspace_0                         (abs)        000F5C
__Hspace_1                         (abs)        000364
__Hspace_2                         (abs)        000000
__Hspace_4                         (abs)        60000E
__Hstack                           stack        000000
__Hstruct                          struct       000000
__Htemp                            temp         00002F
__Htext                            text         000000
__Htext0                           text0        000000
__Htext1                           text1        000000
__Htext10                          text10       000000
__Htext11                          text11       000000
__Htext12                          text12       000000
__Htext13                          text13       000000
__Htext14                          text14       000000
__Htext16                          text16       000000
__Htext17                          text17       000000
__Htext19                          text19       000000
__Htext2                           text2        000000
__Htext20                          text20       000000
__Htext3                           text3        000000
__Htext4                           text4        000000
__Htext5                           text5        000000
__Htext6                           text6        000000
__Htext7                           text7        000000
__Htext8                           text8        000000
__Htext9                           text9        000000
__LRAM                             (abs)        000001
__L__absolute__                    __absolute__ 000000
__Labs1                            abs1         000000
__Lbank0                           bank0        000000
__Lbank1                           bank1        000000
__Lbank2                           bank2        000000
__Lbank3                           bank3        000000
__Lbank4                           bank4        000000
__Lbank5                           bank5        000000
__Lbigbss                          bigbss       000000
__Lbigdata                         bigdata      000000
__Lbigram                          bigram       000000
__Lbigsfr                          bigsfr       000000
__Lbss                             bss          000000
__LbssBANK2                        bssBANK2     000000
__LbssBANK3                        bssBANK3     000000
__LbssCOMRAM                       bssCOMRAM    000000
__Lcinit                           cinit        000000
__Lclrtext                         clrtext      000000
__Lcomram                          comram       000000
__Lconfig                          config       000000
__Lconst                           const        000000
__LcstackBANK0                     cstackBANK0  000000
__LcstackBANK1                     cstackBANK1  000000
__LcstackCOMRAM                    cstackCOMRAM 000000
__Ldata                            data         000000
__Leeprom_data                     eeprom_data  000000
__Lfarbss                          farbss       000000
__Lfardata                         fardata      000000
__Lheap                            heap         000000
__Libigdata                        ibigdata     000000
__Lidata                           idata        000000
__Lidloc                           idloc        000000
__Lifardata                        ifardata     000000
__Linit                            init         00006C
__Lintcode                         intcode      000008
__Lintcode_body                    intcode_body 000000
__Lintcodelo                       intcodelo    000018
__Lintentry                        intentry     000000
__Lintret                          intret       000000
__Lintsave_regs                    intsave_regs 000000
__Lirdata                          irdata       000000
__Lmediumconst                     mediumconst  000000
__LnvFARRAM                        nvFARRAM     000000
__Lnvbit                           nvbit        000000
__Lnvrram                          nvrram       000000
__Lparam                           rparam       000000
__Lpowerup                         powerup      00006C
__Lram                             ram          000000
__Lramtop                          ramtop       000600
__Lrbit                            rbit         000000
__Lrbss                            rbss         000000
__Lrdata                           rdata        000000
__Lreset_vec                       reset_vec    000000
__Lrparam                          rparam       000000
__Lsfr                             sfr          000000
__Lsivt_hi                         sivt_hi      000000
__Lsivt_lo                         sivt_lo      000000
__Lsmallconst                      smallconst   000600
__Lspace_0                         (abs)        000000
__Lspace_1                         (abs)        000000
__Lspace_2                         (abs)        000000
__Lspace_4                         (abs)        000000
__Lstack                           stack        000000
__Lstruct                          struct       000000
__Ltemp                            temp         00002E
__Ltext                            text         000000
__Ltext0                           text0        000000
__Ltext1                           text1        000000
__Ltext10                          text10       000000
__Ltext11                          text11       000000
__Ltext12                          text12       000000
__Ltext13                          text13       000000
__Ltext14                          text14       000000
__Ltext16                          text16       000000
__Ltext17                          text17       000000
__Ltext19                          text19       000000
__Ltext2                           text2        000000
__Ltext20                          text20       000000
__Ltext3                           text3        000000
__Ltext4                           text4        000000
__Ltext5                           text5        000000
__Ltext6                           text6        000000
__Ltext7                           text7        000000
__Ltext8                           text8        000000
__Ltext9                           text9        000000
__S0                               (abs)        000F5C
__S1                               (abs)        000364
__S4                               (abs)        000000
__S5                               (abs)        000000
___awdiv                           text5        000980
___awdiv@counter                   cstackCOMRAM 000013
___awdiv@dividend                  cstackCOMRAM 00000F
___awdiv@divisor                   cstackCOMRAM 000011
___awdiv@quotient                  cstackCOMRAM 000015
___awdiv@sign                      cstackCOMRAM 000014
___awmod                           text4        000A42
___awmod@counter                   cstackCOMRAM 000013
___awmod@dividend                  cstackCOMRAM 00000F
___awmod@divisor                   cstackCOMRAM 000011
___awmod@sign                      cstackCOMRAM 000014
___heap_hi                         (abs)        000000
___heap_lo                         (abs)        000000
___inthi_sp                        stack        000000
___inthi_stack_hi                  stack        000000
___inthi_stack_lo                  stack        000000
___intlo_sp                        stack        000000
___intlo_stack_hi                  stack        000000
___intlo_stack_lo                  stack        000000
___param_bank                      (abs)        000000
___rparam_used                     (abs)        000001
___sp                              stack        000000
___stack_hi                        stack        000000
___stack_lo                        stack        000000
___wmul                            text10       000F30
___wmul@multiplicand               cstackCOMRAM 000011
___wmul@multiplier                 cstackCOMRAM 00000F
___wmul@product                    cstackCOMRAM 000013
__accesstop                        (abs)        000080
__activetblptr                     (abs)        000002
__end_of_ClearBuffer               text13       000EC8
__end_of_GetString                 text11       000C6C
__end_of_H_ISR                     intcode_body 000C02
__end_of_Initialize                text14       000B82
__end_of_Lo_ISR                    intcodelo    00006C
__end_of_MyusartRead               text16       000E88
__end_of___awdiv                   text5        000A42
__end_of___awmod                   text4        000AF0
__end_of___wmul                    text10       000F56
__end_of__initialization           cinit        000F22
__end_of_button_pressed            text20       000F5C
__end_of_get_StepLength            text7        0007A4
__end_of_itoa                      text2        000980
__end_of_keyboard_input            text6        000F58
__end_of_main                      text0        000CD0
__end_of_output_total_dis          text1        0008A4
__end_of_putch                     text9        000D32
__end_of_reverse                   text3        000E3A
__end_of_strcpy                    text12       000DE8
__end_of_strlen                    text8        000EFE
__end_of_variable_register_changed text19       000F5A
__end_ofi1_putch                   text17       000D94
__initialization                   cinit        000EFE
__mediumconst                      mediumconst  000000
__pbssBANK2                        bssBANK2     000200
__pbssBANK3                        bssBANK3     000300
__pbssCOMRAM                       bssCOMRAM    000027
__pcinit                           cinit        000EFE
__pcstackBANK0                     cstackBANK0  000080
__pcstackBANK1                     cstackBANK1  000100
__pcstackCOMRAM                    cstackCOMRAM 000001
__pintcode                         intcode      000008
__pintcode_body                    intcode_body 000B82
__pintcodelo                       intcodelo    000018
__psmallconst                      smallconst   000600
__ptext0                           text0        000C6C
__ptext1                           text1        0007A4
__ptext10                          text10       000F30
__ptext11                          text11       000C02
__ptext12                          text12       000D94
__ptext13                          text13       000E88
__ptext14                          text14       000AF0
__ptext16                          text16       000E3A
__ptext17                          text17       000D32
__ptext19                          text19       000F58
__ptext2                           text2        0008A4
__ptext20                          text20       000F5A
__ptext3                           text3        000DE8
__ptext4                           text4        000A42
__ptext5                           text5        000980
__ptext6                           text6        000F56
__ptext7                           text7        000626
__ptext8                           text8        000EC8
__ptext9                           text9        000CD0
__ramtop                           ramtop       000600
__smallconst                       smallconst   000600
_btn_interr                        bssCOMRAM    00002D
_buffer                            bssBANK2     000264
_buffer_size                       bssCOMRAM    00002B
_button_pressed                    text20       000F5A
_cnt                               bssCOMRAM    000029
_current_servo_angle               bssCOMRAM    000027
_get_StepLength                    text7        000626
_itoa                              text2        0008A4
_keyboard_input                    text6        000F56
_main                              text0        000C6C
_output_total_dis                  text1        0007A4
_putch                             text9        000CD0
_reverse                           text3        000DE8
_strcpy                            text12       000D94
_strlen                            text8        000EC8
_variable_register_changed         text19       000F58
btemp                              temp         00002E
end_of_initialization              cinit        000F22
get_StepLength@ask                 cstackBANK1  000100
get_StepLength@i                   cstackBANK1  0001C8
get_StepLength@i_945               cstackBANK1  0001CA
get_StepLength@input               cstackBANK1  0001CC
get_StepLength@str                 cstackBANK1  000164
i1_putch                           text17       000D32
i1putch@data                       cstackCOMRAM 000007
int$flags                          temp         00002E
int_func                           intcode_body 000B82
intlevel0                          text         000000
intlevel1                          text         000000
intlevel2                          text         000000
intlevel3                          text         000000
isa$std                            (abs)        000001
isa$xinst                          (abs)        000000
itoa@i                             cstackCOMRAM 00001F
itoa@n                             cstackCOMRAM 000017
itoa@s                             cstackCOMRAM 000019
itoa@sign                          cstackCOMRAM 00001D
keyboard_input@str                 cstackCOMRAM 00000F
main@num                           cstackBANK0  0000E4
main@str                           cstackBANK0  000080
output_total_dis@i                 cstackBANK1  0001C8
output_total_dis@i_957             cstackBANK1  0001CA
output_total_dis@num               cstackCOMRAM 000021
output_total_dis@output            cstackBANK1  000100
output_total_dis@step              cstackCOMRAM 000023
output_total_dis@tmp               cstackBANK1  000164
putch@data                         cstackCOMRAM 00000F
reverse@first                      cstackCOMRAM 00000F
reverse@last                       cstackCOMRAM 000011
reverse@tmp                        cstackCOMRAM 000013
stackhi                            (abs)        000000
stacklo                            (abs)        000000
start                              init         00006C
start_initialization               cinit        000EFE
strcpy@d                           cstackCOMRAM 000015
strcpy@dest                        cstackCOMRAM 00000F
strcpy@src                         cstackCOMRAM 000011
strlen@a                           cstackCOMRAM 000011
strlen@s                           cstackCOMRAM 00000F
ttemp5                             temp         00002F
ttemp6                             temp         000032
ttemp7                             temp         000036
variable_register_changed@value    cstackCOMRAM 000001
wtemp8                             temp         00002F


MODULE INFORMATION

Module		Function		Class		Link	Load	Size
/Applications/microchip/xc8/v2.50/pic/sources/c99/common/Umul16.c
		___wmul        		CODE           	0F30	0000	38

/Applications/microchip/xc8/v2.50/pic/sources/c99/common/Umul16.c estimated size: 38

/Applications/microchip/xc8/v2.50/pic/sources/c99/common/awmod.c
		___awmod       		CODE           	0A42	0000	174

/Applications/microchip/xc8/v2.50/pic/sources/c99/common/awmod.c estimated size: 174

newmain.c
		_variable_register_changed		CODE           	0F58	0000	2
		_Lo_ISR        		CODE           	0018	0000	84
		_MyusartRead   		CODE           	0E3A	0000	78
		_button_pressed		CODE           	0F5A	0000	2
		_putch         		CODE           	0CD0	0000	98
		_keyboard_input		CODE           	0F56	0000	2
		_H_ISR         		CODE           	0008	0000	134
		_main          		CODE           	0C6C	0000	100
		_Initialize    		CODE           	0AF0	0000	146
		_get_StepLength		CODE           	0626	0000	382
		_GetString     		CODE           	0C02	0000	106
		_ClearBuffer   		CODE           	0E88	0000	64
		_itoa          		CODE           	08A4	0000	220
		_reverse       		CODE           	0DE8	0000	82
		_output_total_dis		CODE           	07A4	0000	256

newmain.c estimated size: 1756

/Applications/microchip/xc8/v2.50/pic/sources/c99/common/strlen.c
		_strlen        		CODE           	0EC8	0000	54

/Applications/microchip/xc8/v2.50/pic/sources/c99/common/strlen.c estimated size: 54

/Applications/microchip/xc8/v2.50/pic/sources/c99/common/strcpy.c
		_strcpy        		CODE           	0D94	0000	84

/Applications/microchip/xc8/v2.50/pic/sources/c99/common/strcpy.c estimated size: 84

/Applications/microchip/xc8/v2.50/pic/sources/c99/common/awdiv.c
		___awdiv       		CODE           	0980	0000	194

/Applications/microchip/xc8/v2.50/pic/sources/c99/common/awdiv.c estimated size: 194

shared
		i1_putch       		CODE           	0D32	0000	98
		__initialization		CODE           	0EFE	0000	36

shared estimated size: 134

