Microchip MPLAB XC8 Compiler V2.50

Linker command line:

-W-3 --edf=/Applications/microchip/xc8/v2.50/pic/dat/20240725155939_en.msgs \
  -cn -h+dist/default/debug/final.X.debug.sym \
  --cmf=dist/default/debug/final.X.debug.cmf -z -Q18F4520 \
  -o/tmp/xc3uMBFwk/driver_tmp_3.o --defsym=__MPLAB_BUILD=1 \
  --fixupoverflow=error -Mdist/default/debug/final.X.debug.map \
  --md=/tmp/xc3uMBFwk/driver_tmp_0.dat -E1 -ver=XC8 Compiler --acfsm=1493 \
  -ACODE=00h-07FFFh -ACONST=00h-07FFFh -ASMALLCONST=0600h-06FFhx122 \
  -AMEDIUMCONST=0600h-07FFFh -ACOMRAM=01h-07Fh -AABS1=00h-05FFh \
  -ABIGRAM=01h-05FFh -ARAM=080h-0FFh,0100h-01FFhx5 -ABANK0=080h-0FFh \
  -ABANK1=0100h-01FFh -ABANK2=0200h-02FFh -ABANK3=0300h-03FFh \
  -ABANK4=0400h-04FFh -ABANK5=0500h-05FFh -ASFR=0F80h-0FFFh \
  -ABIGSFR=0F80h-0FFFh -ACONFIG=0300000h-030000Dh -AIDLOC=0200000h-0200007h \
  -AEEDATA=0F00000h-0F000FFh -peeprom_data=EEDATA \
  -preset_vec=00h,intcode=8h,intcodelo=18h,powerup,init -pramtop=0600h \
  -psmallconst=SMALLCONST -pmediumconst=MEDIUMCONST -pconst=CONST \
  -AFARRAM=00h-00h \
  -prdata=COMRAM,nvrram=COMRAM,nvbit=COMRAM,rbss=COMRAM,rbit=COMRAM \
  -pfarbss=FARRAM,fardata=FARRAM,nvFARRAM=FARRAM \
  -pintsave_regs=BIGRAM,bigbss=BIGRAM,bigdata=BIGRAM -pbss=RAM \
  -pidata=CODE,irdata=CODE,ibigdata=CODE,ifardata=CODE -prparam=COMRAM \
  /tmp/xc3uMBFwk/driver_tmp_9.o dist/default/debug/final.X.debug.o 

Object code version is 3.11

Machine type is 18F4520



                Name                               Link     Load   Length Selector   Space Scale
/tmp/xc3uMBFwk/driver_tmp_9.o
                idloc                            200000   200000        8        0       5
                config                           300000   300000        E        0       4
                init                                 6C       6C        4        C       0
                reset_vec                             0        0        4        0       0
dist/default/debug/final.X.debug.o
                intcodelo                            18       18       54        C       0
                intcode                               8        8        6        4       0
                idloc                            200000   200000        8        0       5
                config                           300000   300000        E        0       4
                temp                                 23       23        1        1       1
                smallconst                          600      600       26      300       0
                intcode_body                        FC2      FC2       3E      313       0
                text20                              CD6      CD6       62      313       0
                text19                              EAC      EAC       4E      313       0
                text17                              B78      B78       92      313       0
                text16                              F82      F82       40      313       0
                text15                              E58      E58       54      313       0
                text14                              C0A      C0A       6A      313       0
                text13                              75A      75A      11C      313       0
                text12                              94A      94A       C2      313       0
                text11                              ACA      ACA       AE      313       0
                text10                              F42      F42       40      313       0
                text9                               A0C      A0C       BE      313       0
                text8                               C74      C74       62      313       0
                text7                              1032     1032       2E      313       0
                text6                               DF8      DF8       60      313       0
                text5                               EFA      EFA       48      313       0
                text4                               D98      D98       60      313       0
                text3                               D38      D38       60      313       0
                text2                               876      876       D4      313       0
                text1                               626      626      134      313       0
                text0                              1060     1060       24      313       0
                cstackCOMRAM                          1        1       1B        1       1
                cstackBANK0                          80       80       66       80       1
                cstackBANK1                         100      100       D0      100       1
                bssBANK3                            300      300       64      300       1
                bssBANK2                            200      200       C8      200       1
                bssCOMRAM                            1C       1C        7        1       1
                cinit                              1000     1000       32      313       0

TOTAL           Name                               Link     Load   Length     Space
        CLASS   CODE           
                intcodelo                            18       18       54         0
                intcode                               8        8        6         0
                init                                 6C       6C        4         0
                reset_vec                             0        0        4         0
                intcode_body                        FC2      FC2       3E         0
                text20                              CD6      CD6       62         0
                text19                              EAC      EAC       4E         0
                text17                              B78      B78       92         0
                text16                              F82      F82       40         0
                text15                              E58      E58       54         0
                text14                              C0A      C0A       6A         0
                text13                              75A      75A      11C         0
                text12                              94A      94A       C2         0
                text11                              ACA      ACA       AE         0
                text10                              F42      F42       40         0
                text9                               A0C      A0C       BE         0
                text8                               C74      C74       62         0
                text7                              1032     1032       2E         0
                text6                               DF8      DF8       60         0
                text5                               EFA      EFA       48         0
                text4                               D98      D98       60         0
                text3                               D38      D38       60         0
                text2                               876      876       D4         0
                text1                               626      626      134         0
                text0                              1060     1060       24         0
                cinit                              1000     1000       32         0

        CLASS   CONST          

        CLASS   SMALLCONST     
                smallconst                          600      600       26         0

        CLASS   MEDIUMCONST    

        CLASS   COMRAM         
                temp                                 23       23        1         1
                cstackCOMRAM                          1        1       1B         1
                bssCOMRAM                            1C       1C        7         1

        CLASS   ABS1           

        CLASS   BIGRAM         

        CLASS   RAM            

        CLASS   BANK0          
                cstackBANK0                          80       80       66         1

        CLASS   BANK1          
                cstackBANK1                         100      100       D0         1

        CLASS   BANK2          
                bssBANK2                            200      200       C8         1

        CLASS   BANK3          
                bssBANK3                            300      300       64         1

        CLASS   BANK4          

        CLASS   BANK5          

        CLASS   SFR            

        CLASS   BIGSFR         

        CLASS   CONFIG         
                config                           300000   300000        E         4

        CLASS   IDLOC          
                idloc                            200000   200000        8         5

        CLASS   EEDATA         

        CLASS   FARRAM         

        CLASS   HEAP           

        CLASS   STACK          



SEGMENTS        Name                           Load    Length   Top    Selector   Space  Class

                cstackBANK0                    000080  000066  0000E6        80       1  BANK0   
                reset_vec                      000000  000004  000004         0       0  CODE    
                cstackBANK1                    000100  0000D0  0001D0       100       1  BANK1   
                text1                          000626  000A5E  001084       313       0  CODE    
                bssBANK2                       000200  0000C8  0002C8       200       1  BANK2   
                bssBANK3                       000300  000064  000364       300       1  BANK3   
                cstackCOMRAM                   000001  000023  000024         1       1  COMRAM  
                intcode                        000008  000006  00000E         4       0  CODE    
                intcodelo                      000018  000058  000070         C       0  CODE    
                smallconst                     000600  000026  000626       300       0  SMALLCON


UNUSED ADDRESS RANGES

        Name                Unused          Largest block    Delta
        BANK0            0000E6-0000FF               1A
        BANK1            0001D0-0001FF               30
        BANK2            0002C8-0002FF               38
        BANK3            000364-0003FF               9C
        BANK4            000400-0004FF              100
        BANK5            000500-0005FF              100
        BIGRAM           000024-00007F               5C
                         0000E6-0000FF               1A
                         0001D0-0001FF               30
                         0002C8-0002FF               38
                         000364-0005FF              29C
        BIGSFR           000F80-000FFF               80
        CODE             000004-000007                4
                         00000E-000017                A
                         000070-0005FF              590
                         001084-007FFF             6F7C
        COMRAM           000024-00007F               5C
        CONST            000004-000007                4
                         00000E-000017                A
                         000070-0005FF              590
                         001084-007FFF             6F7C
        EEDATA           F00000-F000FF              100
        MEDIUMCONST      001084-007FFF             6F7C
        RAM              0000E6-0000FF               1A
                         0001D0-0001FF               30
                         0002C8-0002FF               38
                         000364-0005FF              100
        SFR              000F80-000FFF               80
        SMALLCONST       001084-007FFF              100

                                  Symbol Table

?_GetString              cstackCOMRAM 000012
?___awdiv                cstackCOMRAM 00000A
?___awmod                cstackCOMRAM 00000A
?_atoi                   cstackCOMRAM 00000A
?_strcspn                cstackCOMRAM 00000E
?_strlen                 cstackCOMRAM 00000A
?_strspn                 cstackCOMRAM 00000E
?_strtok                 cstackCOMRAM 000014
ClearBuffer@i            cstackCOMRAM 00000A
GetString@str            cstackCOMRAM 000012
MyusartRead@data         cstackCOMRAM 000004
ParsingData@heartRate    cstackBANK1  0001CA
ParsingData@input        cstackBANK1  000164
ParsingData@step         cstackBANK1  0001C8
ParsingData@str          cstackBANK1  000100
ParsingData@temp         cstackBANK1  0001CC
ParsingData@token        cstackBANK1  0001CE
_ADCON0bits              (abs)        000FC2
_ADCON1bits              (abs)        000FC1
_ADCON2bits              (abs)        000FC0
_BAUDCONbits             (abs)        000FB8
_CCP1CONbits             (abs)        000FBD
_CREN                    (abs)        007D5C
_ClearBuffer             text16       000F82
_GetString               text14       000C0A
_H_ISR                   intcode      000008
_INTCONbits              (abs)        000FF2
_IPR1bits                (abs)        000F9F
_Initialize              text17       000B78
_LATA                    (abs)        000F89
_LATC                    (abs)        000F8B
_Lo_ISR                  intcodelo    000018
_MyusartRead             text19       000EAC
_OSCCONbits              (abs)        000FD3
_PIE1bits                (abs)        000F9D
_PIR1bits                (abs)        000F9E
_PR2                     (abs)        000FCB
_ParsingData             text1        000626
_RCIF                    (abs)        007CF5
_RCONbits                (abs)        000FD0
_RCREG                   (abs)        000FAE
_RCSTAbits               (abs)        000FAB
_SPBRG                   (abs)        000FAF
_T2CON                   (abs)        000FCA
_T2CONbits               (abs)        000FCA
_TRISA                   (abs)        000F92
_TRISAbits               (abs)        000F92
_TRISB                   (abs)        000F93
_TRISC                   (abs)        000F94
_TRISCbits               (abs)        000F94
_TXREG                   (abs)        000FAD
_TXSTAbits               (abs)        000FAC
__HRAM                   (abs)        000000
__H__absolute__          __absolute__ 000000
__Habs1                  abs1         000000
__Hbank0                 bank0        000000
__Hbank1                 bank1        000000
__Hbank2                 bank2        000000
__Hbank3                 bank3        000000
__Hbank4                 bank4        000000
__Hbank5                 bank5        000000
__Hbigbss                bigbss       000000
__Hbigdata               bigdata      000000
__Hbigram                bigram       000000
__Hbigsfr                bigsfr       000000
__Hbss                   bss          000000
__HbssBANK2              bssBANK2     000000
__HbssBANK3              bssBANK3     000000
__HbssCOMRAM             bssCOMRAM    000000
__Hcinit                 cinit        000000
__Hclrtext               clrtext      000000
__Hcomram                comram       000000
__Hconfig                config       30000E
__Hconst                 const        000000
__HcstackBANK0           cstackBANK0  000000
__HcstackBANK1           cstackBANK1  000000
__HcstackCOMRAM          cstackCOMRAM 000000
__Hdata                  data         000000
__Heeprom_data           eeprom_data  000000
__Hfarbss                farbss       000000
__Hfardata               fardata      000000
__Hheap                  heap         000000
__Hibigdata              ibigdata     000000
__Hidata                 idata        000000
__Hidloc                 idloc        200008
__Hifardata              ifardata     000000
__Hinit                  init         000070
__Hintcode               intcode      00000E
__Hintcode_body          intcode_body 000000
__Hintcodelo             intcodelo    00006C
__Hintentry              intentry     000000
__Hintret                intret       000000
__Hintsave_regs          intsave_regs 000000
__Hirdata                irdata       000000
__Hmediumconst           mediumconst  000000
__HnvFARRAM              nvFARRAM     000000
__Hnvbit                 nvbit        000000
__Hnvrram                nvrram       000000
__Hparam                 rparam       000000
__Hpowerup               powerup      00006C
__Hram                   ram          000000
__Hramtop                ramtop       000600
__Hrbit                  rbit         000000
__Hrbss                  rbss         000000
__Hrdata                 rdata        000000
__Hreset_vec             reset_vec    000004
__Hrparam                rparam       000000
__Hsfr                   sfr          000000
__Hsivt_hi               sivt_hi      000000
__Hsivt_lo               sivt_lo      000000
__Hsmallconst            smallconst   000626
__Hspace_0               (abs)        001084
__Hspace_1               (abs)        000364
__Hspace_2               (abs)        000000
__Hspace_4               (abs)        60000E
__Hstack                 stack        000000
__Hstruct                struct       000000
__Htemp                  temp         000024
__Htext                  text         000000
__Htext0                 text0        000000
__Htext1                 text1        000000
__Htext10                text10       000000
__Htext11                text11       000000
__Htext12                text12       000000
__Htext13                text13       000000
__Htext14                text14       000000
__Htext15                text15       000000
__Htext16                text16       000000
__Htext17                text17       000000
__Htext19                text19       000000
__Htext2                 text2        000000
__Htext20                text20       000000
__Htext3                 text3        000000
__Htext4                 text4        000000
__Htext5                 text5        000000
__Htext6                 text6        000000
__Htext7                 text7        000000
__Htext8                 text8        000000
__Htext9                 text9        000000
__LRAM                   (abs)        000001
__L__absolute__          __absolute__ 000000
__Labs1                  abs1         000000
__Lbank0                 bank0        000000
__Lbank1                 bank1        000000
__Lbank2                 bank2        000000
__Lbank3                 bank3        000000
__Lbank4                 bank4        000000
__Lbank5                 bank5        000000
__Lbigbss                bigbss       000000
__Lbigdata               bigdata      000000
__Lbigram                bigram       000000
__Lbigsfr                bigsfr       000000
__Lbss                   bss          000000
__LbssBANK2              bssBANK2     000000
__LbssBANK3              bssBANK3     000000
__LbssCOMRAM             bssCOMRAM    000000
__Lcinit                 cinit        000000
__Lclrtext               clrtext      000000
__Lcomram                comram       000000
__Lconfig                config       000000
__Lconst                 const        000000
__LcstackBANK0           cstackBANK0  000000
__LcstackBANK1           cstackBANK1  000000
__LcstackCOMRAM          cstackCOMRAM 000000
__Ldata                  data         000000
__Leeprom_data           eeprom_data  000000
__Lfarbss                farbss       000000
__Lfardata               fardata      000000
__Lheap                  heap         000000
__Libigdata              ibigdata     000000
__Lidata                 idata        000000
__Lidloc                 idloc        000000
__Lifardata              ifardata     000000
__Linit                  init         00006C
__Lintcode               intcode      000008
__Lintcode_body          intcode_body 000000
__Lintcodelo             intcodelo    000018
__Lintentry              intentry     000000
__Lintret                intret       000000
__Lintsave_regs          intsave_regs 000000
__Lirdata                irdata       000000
__Lmediumconst           mediumconst  000000
__LnvFARRAM              nvFARRAM     000000
__Lnvbit                 nvbit        000000
__Lnvrram                nvrram       000000
__Lparam                 rparam       000000
__Lpowerup               powerup      00006C
__Lram                   ram          000000
__Lramtop                ramtop       000600
__Lrbit                  rbit         000000
__Lrbss                  rbss         000000
__Lrdata                 rdata        000000
__Lreset_vec             reset_vec    000000
__Lrparam                rparam       000000
__Lsfr                   sfr          000000
__Lsivt_hi               sivt_hi      000000
__Lsivt_lo               sivt_lo      000000
__Lsmallconst            smallconst   000600
__Lspace_0               (abs)        000000
__Lspace_1               (abs)        000000
__Lspace_2               (abs)        000000
__Lspace_4               (abs)        000000
__Lstack                 stack        000000
__Lstruct                struct       000000
__Ltemp                  temp         000023
__Ltext                  text         000000
__Ltext0                 text0        000000
__Ltext1                 text1        000000
__Ltext10                text10       000000
__Ltext11                text11       000000
__Ltext12                text12       000000
__Ltext13                text13       000000
__Ltext14                text14       000000
__Ltext15                text15       000000
__Ltext16                text16       000000
__Ltext17                text17       000000
__Ltext19                text19       000000
__Ltext2                 text2        000000
__Ltext20                text20       000000
__Ltext3                 text3        000000
__Ltext4                 text4        000000
__Ltext5                 text5        000000
__Ltext6                 text6        000000
__Ltext7                 text7        000000
__Ltext8                 text8        000000
__Ltext9                 text9        000000
__S0                     (abs)        001084
__S1                     (abs)        000364
__S4                     (abs)        000000
__S5                     (abs)        000000
___awdiv                 text12       00094A
___awdiv@counter         cstackCOMRAM 00000E
___awdiv@dividend        cstackCOMRAM 00000A
___awdiv@divisor         cstackCOMRAM 00000C
___awdiv@quotient        cstackCOMRAM 000010
___awdiv@sign            cstackCOMRAM 00000F
___awmod                 text11       000ACA
___awmod@counter         cstackCOMRAM 00000E
___awmod@dividend        cstackCOMRAM 00000A
___awmod@divisor         cstackCOMRAM 00000C
___awmod@sign            cstackCOMRAM 00000F
___heap_hi               (abs)        000000
___heap_lo               (abs)        000000
___inthi_sp              stack        000000
___inthi_stack_hi        stack        000000
___inthi_stack_lo        stack        000000
___intlo_sp              stack        000000
___intlo_stack_hi        stack        000000
___intlo_stack_lo        stack        000000
___param_bank            (abs)        000000
___rparam_used           (abs)        000001
___sp                    stack        000000
___stack_hi              stack        000000
___stack_lo              stack        000000
__accesstop              (abs)        000080
__activetblptr           (abs)        000002
__end_of_ClearBuffer     text16       000FC2
__end_of_GetString       text14       000C74
__end_of_H_ISR           intcode_body 001000
__end_of_Initialize      text17       000C0A
__end_of_Lo_ISR          intcodelo    00006C
__end_of_MyusartRead     text19       000EFA
__end_of_ParsingData     text1        00075A
__end_of___awdiv         text12       000A0C
__end_of___awmod         text11       000B78
__end_of__initialization cinit        001024
__end_of_atoi            text13       000876
__end_of_itoa            text9        000ACA
__end_of_main            text0        001084
__end_of_print_number    text6        000E58
__end_of_putch           text8        000CD6
__end_of_reverse         text10       000F82
__end_of_strchr          text5        000F42
__end_of_strcpy          text15       000EAC
__end_of_strcspn         text4        000DF8
__end_of_strlen          text7        001060
__end_of_strspn          text3        000D98
__end_of_strtok          text2        00094A
__end_ofi1_putch         text20       000D38
__initialization         cinit        001000
__mediumconst            mediumconst  000000
__pbssBANK2              bssBANK2     000200
__pbssBANK3              bssBANK3     000300
__pbssCOMRAM             bssCOMRAM    00001C
__pcinit                 cinit        001000
__pcstackBANK0           cstackBANK0  000080
__pcstackBANK1           cstackBANK1  000100
__pcstackCOMRAM          cstackCOMRAM 000001
__pintcode               intcode      000008
__pintcode_body          intcode_body 000FC2
__pintcodelo             intcodelo    000018
__psmallconst            smallconst   000600
__ptext0                 text0        001060
__ptext1                 text1        000626
__ptext10                text10       000F42
__ptext11                text11       000ACA
__ptext12                text12       00094A
__ptext13                text13       00075A
__ptext14                text14       000C0A
__ptext15                text15       000E58
__ptext16                text16       000F82
__ptext17                text17       000B78
__ptext19                text19       000EAC
__ptext2                 text2        000876
__ptext20                text20       000CD6
__ptext3                 text3        000D38
__ptext4                 text4        000D98
__ptext5                 text5        000EFA
__ptext6                 text6        000DF8
__ptext7                 text7        001032
__ptext8                 text8        000C74
__ptext9                 text9        000A0C
__ramtop                 ramtop       000600
__smallconst             smallconst   000600
_atoi                    text13       00075A
_btn_interr              bssCOMRAM    000022
_buffer                  bssBANK2     000264
_buffer_size             bssCOMRAM    000020
_cnt                     bssCOMRAM    00001E
_itoa                    text9        000A0C
_main                    text0        001060
_print_number            text6        000DF8
_putch                   text8        000C74
_reverse                 text10       000F42
_strchr                  text5        000EFA
_strcpy                  text15       000E58
_strcspn                 text4        000D98
_strlen                  text7        001032
_strspn                  text3        000D38
_strtok                  text2        000876
atoi@n                   cstackCOMRAM 000010
atoi@neg                 cstackCOMRAM 00000F
atoi@s                   cstackCOMRAM 00000A
btemp                    temp         000023
end_of_initialization    cinit        001024
i1_putch                 text20       000CD6
i1putch@data             cstackCOMRAM 000002
int$flags                temp         000023
int_func                 intcode_body 000FC2
intlevel0                text         000000
intlevel1                text         000000
intlevel2                text         000000
intlevel3                text         000000
isa$std                  (abs)        000001
isa$xinst                (abs)        000000
itoa@i                   cstackCOMRAM 000018
itoa@n                   cstackCOMRAM 000012
itoa@s                   cstackCOMRAM 000014
itoa@sign                cstackCOMRAM 000016
print_number@i           cstackBANK0  0000E4
print_number@num         cstackCOMRAM 00001A
print_number@tmp         cstackBANK0  000080
putch@data               cstackCOMRAM 00000A
reverse@first            cstackCOMRAM 00000A
reverse@last             cstackCOMRAM 00000B
reverse@tmp              cstackCOMRAM 00000C
stackhi                  (abs)        000000
stacklo                  (abs)        000000
start                    init         00006C
start_initialization     cinit        001000
strchr@c                 cstackCOMRAM 00000B
strchr@s                 cstackCOMRAM 00000A
strcpy@d                 cstackCOMRAM 000010
strcpy@dest              cstackCOMRAM 00000A
strcpy@src               cstackCOMRAM 00000C
strcspn@c                cstackCOMRAM 000010
strcspn@i                cstackCOMRAM 000012
strcspn@s                cstackCOMRAM 00000E
strlen@a                 cstackCOMRAM 00000C
strlen@s                 cstackCOMRAM 00000A
strspn@c                 cstackCOMRAM 000010
strspn@i                 cstackCOMRAM 000012
strspn@s                 cstackCOMRAM 00000E
strtok@p                 bssCOMRAM    00001C
strtok@s                 cstackCOMRAM 000014
strtok@sep               cstackCOMRAM 000016
ttemp5                   temp         000024
ttemp6                   temp         000027
ttemp7                   temp         00002B
wtemp8                   temp         000024


MODULE INFORMATION

Module		Function		Class		Link	Load	Size
/Applications/microchip/xc8/v2.50/pic/sources/c99/common/strtok.c
		_strtok        		CODE           	0876	0000	212

/Applications/microchip/xc8/v2.50/pic/sources/c99/common/strtok.c estimated size: 212

/Applications/microchip/xc8/v2.50/pic/sources/c99/common/awmod.c
		___awmod       		CODE           	0ACA	0000	174

/Applications/microchip/xc8/v2.50/pic/sources/c99/common/awmod.c estimated size: 174

/Applications/microchip/xc8/v2.50/pic/sources/c99/common/strcspn.c
		_strcspn       		CODE           	0D98	0000	96

/Applications/microchip/xc8/v2.50/pic/sources/c99/common/strcspn.c estimated size: 96

newmain.c
		_print_number  		CODE           	0DF8	0000	96
		_Lo_ISR        		CODE           	0018	0000	84
		_MyusartRead   		CODE           	0EAC	0000	78
		_putch         		CODE           	0C74	0000	98
		_H_ISR         		CODE           	0008	0000	68
		_main          		CODE           	1060	0000	36
		_Initialize    		CODE           	0B78	0000	146
		_GetString     		CODE           	0C0A	0000	106
		_ParsingData   		CODE           	0626	0000	308
		_ClearBuffer   		CODE           	0F82	0000	64
		_itoa          		CODE           	0A0C	0000	190
		_reverse       		CODE           	0F42	0000	64

newmain.c estimated size: 1338

/Applications/microchip/xc8/v2.50/pic/sources/c99/common/atoi.c
		_atoi          		CODE           	075A	0000	284

/Applications/microchip/xc8/v2.50/pic/sources/c99/common/atoi.c estimated size: 284

/Applications/microchip/xc8/v2.50/pic/sources/c99/common/strlen.c
		_strlen        		CODE           	1032	0000	46

/Applications/microchip/xc8/v2.50/pic/sources/c99/common/strlen.c estimated size: 46

/Applications/microchip/xc8/v2.50/pic/sources/c99/common/strchr.c
		_strchr        		CODE           	0EFA	0000	72

/Applications/microchip/xc8/v2.50/pic/sources/c99/common/strchr.c estimated size: 72

/Applications/microchip/xc8/v2.50/pic/sources/c99/common/strcpy.c
		_strcpy        		CODE           	0E58	0000	84

/Applications/microchip/xc8/v2.50/pic/sources/c99/common/strcpy.c estimated size: 84

/Applications/microchip/xc8/v2.50/pic/sources/c99/common/awdiv.c
		___awdiv       		CODE           	094A	0000	194

/Applications/microchip/xc8/v2.50/pic/sources/c99/common/awdiv.c estimated size: 194

shared
		i1_putch       		CODE           	0CD6	0000	98
		__initialization		CODE           	1000	0000	36

shared estimated size: 134

/Applications/microchip/xc8/v2.50/pic/sources/c99/common/strspn.c
		_strspn        		CODE           	0D38	0000	96

/Applications/microchip/xc8/v2.50/pic/sources/c99/common/strspn.c estimated size: 96

