Microchip MPLAB XC8 Compiler V2.50

Linker command line:

-W-3 --edf=/Applications/microchip/xc8/v2.50/pic/dat/20240725155939_en.msgs \
  -cn -h+dist/default/production/final.X.production.sym \
  --cmf=dist/default/production/final.X.production.cmf -z -Q18F4520 \
  -o/tmp/xcftXc9Gd/driver_tmp_3.o --defsym=__MPLAB_BUILD=1 \
  --fixupoverflow=error -Mdist/default/production/final.X.production.map \
  --md=/tmp/xcftXc9Gd/driver_tmp_0.dat -E1 -ver=XC8 Compiler --acfsm=1493 \
  -ACODE=00h-07FFFh -ACONST=00h-07FFFh -ASMALLCONST=0600h-06FFhx122 \
  -AMEDIUMCONST=0600h-07FFFh -ACOMRAM=01h-07Fh -AABS1=00h-05FFh \
  -ABIGRAM=01h-05FFh -ARAM=080h-0FFh,0100h-01FFhx5 -ABANK0=080h-0FFh \
  -ABANK1=0100h-01FFh -ABANK2=0200h-02FFh -ABANK3=0300h-03FFh \
  -ABANK4=0400h-04FFh -ABANK5=0500h-05FFh -ASFR=0F80h-0FFFh \
  -ABIGSFR=0F80h-0FFFh -ACONFIG=0300000h-030000Dh -AIDLOC=0200000h-0200007h \
  -AEEDATA=0F00000h-0F000FFh -peeprom_data=EEDATA \
  -preset_vec=00h,intcode=8h,intcodelo=18h,powerup,init -pramtop=0600h \
  -psmallconst=SMALLCONST -pmediumconst=MEDIUMCONST -pconst=CONST \
  -AFARRAM=00h-00h \
  -prdata=COMRAM,nvrram=COMRAM,nvbit=COMRAM,rbss=COMRAM,rbit=COMRAM \
  -pfarbss=FARRAM,fardata=FARRAM,nvFARRAM=FARRAM \
  -pintsave_regs=BIGRAM,bigbss=BIGRAM,bigdata=BIGRAM -pbss=RAM \
  -pidata=CODE,irdata=CODE,ibigdata=CODE,ifardata=CODE -prparam=COMRAM \
  /tmp/xcftXc9Gd/driver_tmp_9.o \
  dist/default/production/final.X.production.o 

Object code version is 3.11

Machine type is 18F4520



                Name                               Link     Load   Length Selector   Space Scale
/tmp/xcftXc9Gd/driver_tmp_9.o
                idloc                            200000   200000        8        0       5
                config                           300000   300000        E        0       4
                init                                 6C       6C        4        C       0
                reset_vec                             0        0        4        0       0
dist/default/production/final.X.production.o
                intcodelo                            18       18       54        C       0
                intcode                               8        8        6        4       0
                idloc                            200000   200000        8        0       5
                config                           300000   300000        E        0       4
                temp                                 26       26        1        1       1
                smallconst                          600      600        2      300       0
                text13                              874      874        2      301       0
                text12                              868      868        A      301       0
                text11                              7DE      7DE       2E      301       0
                text10                              82E      82E       1A      301       0
                intcode_body                        686      686       68      301       0
                text8                               848      848       16      301       0
                text7                               740      740       42      301       0
                text5                               85E      85E        A      301       0
                text4                               602      602       84      301       0
                text3                               872      872        2      301       0
                text2                               7B0      7B0       2E      301       0
                text1                               782      782       2E      301       0
                text0                               6EE      6EE       52      301       0
                cstackCOMRAM                          1        1       19        1       1
                cstackBANK0                          80       80       64       80       1
                bssBANK1                            100      100       64      100       1
                bssCOMRAM                            1A       1A        C        1       1
                cinit                               80C      80C       22      301       0

TOTAL           Name                               Link     Load   Length     Space
        CLASS   CODE           
                intcodelo                            18       18       54         0
                intcode                               8        8        6         0
                init                                 6C       6C        4         0
                reset_vec                             0        0        4         0
                text13                              874      874        2         0
                text12                              868      868        A         0
                text11                              7DE      7DE       2E         0
                text10                              82E      82E       1A         0
                intcode_body                        686      686       68         0
                text8                               848      848       16         0
                text7                               740      740       42         0
                text5                               85E      85E        A         0
                text4                               602      602       84         0
                text3                               872      872        2         0
                text2                               7B0      7B0       2E         0
                text1                               782      782       2E         0
                text0                               6EE      6EE       52         0
                cinit                               80C      80C       22         0

        CLASS   CONST          

        CLASS   SMALLCONST     
                smallconst                          600      600        2         0

        CLASS   MEDIUMCONST    

        CLASS   COMRAM         
                temp                                 26       26        1         1
                cstackCOMRAM                          1        1       19         1
                bssCOMRAM                            1A       1A        C         1

        CLASS   ABS1           

        CLASS   BIGRAM         

        CLASS   RAM            

        CLASS   BANK0          
                cstackBANK0                          80       80       64         1

        CLASS   BANK1          
                bssBANK1                            100      100       64         1

        CLASS   BANK2          

        CLASS   BANK3          

        CLASS   BANK4          

        CLASS   BANK5          

        CLASS   SFR            

        CLASS   BIGSFR         

        CLASS   CONFIG         
                config                           300000   300000        E         4

        CLASS   IDLOC          
                idloc                            200000   200000        8         5

        CLASS   EEDATA         

        CLASS   FARRAM         

        CLASS   HEAP           

        CLASS   STACK          



SEGMENTS        Name                           Load    Length   Top    Selector   Space  Class

                cstackCOMRAM                   000001  000026  000027         1       1  COMRAM  
                reset_vec                      000000  000004  000004         0       0  CODE    
                cstackBANK0                    000080  000064  0000E4        80       1  BANK0   
                bssBANK1                       000100  000064  000164       100       1  BANK1   
                text4                          000602  000274  000876       301       0  CODE    
                intcode                        000008  000006  00000E         4       0  CODE    
                smallconst                     000600  000002  000602       300       0  SMALLCON
                intcodelo                      000018  000058  000070         C       0  CODE    


UNUSED ADDRESS RANGES

        Name                Unused          Largest block    Delta
        BANK0            0000E4-0000FF               1C
        BANK1            000164-0001FF               9C
        BANK2            000200-0002FF              100
        BANK3            000300-0003FF              100
        BANK4            000400-0004FF              100
        BANK5            000500-0005FF              100
        BIGRAM           000027-00007F               59
                         0000E4-0000FF               1C
                         000164-0005FF              49C
        BIGSFR           000F80-000FFF               80
        CODE             000004-000007                4
                         00000E-000017                A
                         000070-0005FF              590
                         000876-007FFF             778A
        COMRAM           000027-00007F               59
        CONST            000004-000007                4
                         00000E-000017                A
                         000070-0005FF              590
                         000876-007FFF             778A
        EEDATA           F00000-F000FF              100
        MEDIUMCONST      000876-007FFF             778A
        RAM              0000E4-0000FF               1C
                         000164-0005FF              100
        SFR              000F80-000FFF               80
        SMALLCONST       000876-007FFF              100

                                  Symbol Table

?_GetString                        cstackCOMRAM 000014
?_VR_value_to_LED_analog           cstackCOMRAM 000001
?_strlen                           cstackCOMRAM 000014
H_ISR@value                        cstackCOMRAM 00000B
MyusartRead@data                   cstackCOMRAM 00000E
UART_Write@data                    cstackCOMRAM 00000D
VR_value_to_LED_analog@value       cstackCOMRAM 000001
_ADCON0bits                        (abs)        000FC2
_ADCON1bits                        (abs)        000FC1
_ADCON2bits                        (abs)        000FC0
_ADRESH                            (abs)        000FC4
_ADRESL                            (abs)        000FC3
_BAUDCONbits                       (abs)        000FB8
_CCP1CONbits                       (abs)        000FBD
_CCPR1L                            (abs)        000FBE
_CREN                              (abs)        007D5C
_GetString                         text5        00085E
_H_ISR                             intcode      000008
_INTCONbits                        (abs)        000FF2
_IPR1bits                          (abs)        000F9F
_Initialize                        text4        000602
_LATA                              (abs)        000F89
_LATC                              (abs)        000F8B
_Lo_ISR                            intcodelo    000018
_MyusartRead                       text7        000740
_OSCCONbits                        (abs)        000FD3
_PIE1bits                          (abs)        000F9D
_PIR1bits                          (abs)        000F9E
_PR2                               (abs)        000FCB
_RCIF                              (abs)        007CF5
_RCONbits                          (abs)        000FD0
_RCREG                             (abs)        000FAE
_RCSTAbits                         (abs)        000FAB
_SPBRG                             (abs)        000FAF
_T2CONbits                         (abs)        000FCA
_TRISA                             (abs)        000F92
_TRISAbits                         (abs)        000F92
_TRISB                             (abs)        000F93
_TRISC                             (abs)        000F94
_TRISCbits                         (abs)        000F94
_TXREG                             (abs)        000FAD
_TXSTAbits                         (abs)        000FAC
_UART_Write                        text8        000848
_VR_value_to_LED_analog            text12       000868
__HRAM                             (abs)        000000
__H__absolute__                    __absolute__ 000000
__Habs1                            abs1         000000
__Hbank0                           bank0        000000
__Hbank1                           bank1        000000
__Hbank2                           bank2        000000
__Hbank3                           bank3        000000
__Hbank4                           bank4        000000
__Hbank5                           bank5        000000
__Hbigbss                          bigbss       000000
__Hbigdata                         bigdata      000000
__Hbigram                          bigram       000000
__Hbigsfr                          bigsfr       000000
__Hbss                             bss          000000
__HbssBANK1                        bssBANK1     000000
__HbssCOMRAM                       bssCOMRAM    000000
__Hcinit                           cinit        000000
__Hclrtext                         clrtext      000000
__Hcomram                          comram       000000
__Hconfig                          config       30000E
__Hconst                           const        000000
__HcstackBANK0                     cstackBANK0  000000
__HcstackCOMRAM                    cstackCOMRAM 000000
__Hdata                            data         000000
__Heeprom_data                     eeprom_data  000000
__Hfarbss                          farbss       000000
__Hfardata                         fardata      000000
__Hheap                            heap         000000
__Hibigdata                        ibigdata     000000
__Hidata                           idata        000000
__Hidloc                           idloc        200008
__Hifardata                        ifardata     000000
__Hinit                            init         000070
__Hintcode                         intcode      00000E
__Hintcode_body                    intcode_body 000000
__Hintcodelo                       intcodelo    00006C
__Hintentry                        intentry     000000
__Hintret                          intret       000000
__Hintsave_regs                    intsave_regs 000000
__Hirdata                          irdata       000000
__Hmediumconst                     mediumconst  000000
__HnvFARRAM                        nvFARRAM     000000
__Hnvbit                           nvbit        000000
__Hnvrram                          nvrram       000000
__Hparam                           rparam       000000
__Hpowerup                         powerup      00006C
__Hram                             ram          000000
__Hramtop                          ramtop       000600
__Hrbit                            rbit         000000
__Hrbss                            rbss         000000
__Hrdata                           rdata        000000
__Hreset_vec                       reset_vec    000004
__Hrparam                          rparam       000000
__Hsfr                             sfr          000000
__Hsivt_hi                         sivt_hi      000000
__Hsivt_lo                         sivt_lo      000000
__Hsmallconst                      smallconst   000602
__Hspace_0                         (abs)        000876
__Hspace_1                         (abs)        000164
__Hspace_2                         (abs)        000000
__Hspace_4                         (abs)        60000E
__Hstack                           stack        000000
__Hstruct                          struct       000000
__Htemp                            temp         000027
__Htext                            text         000000
__Htext0                           text0        000000
__Htext1                           text1        000000
__Htext10                          text10       000000
__Htext11                          text11       000000
__Htext12                          text12       000000
__Htext13                          text13       000000
__Htext2                           text2        000000
__Htext3                           text3        000000
__Htext4                           text4        000000
__Htext5                           text5        000000
__Htext7                           text7        000000
__Htext8                           text8        000000
__LRAM                             (abs)        000001
__L__absolute__                    __absolute__ 000000
__Labs1                            abs1         000000
__Lbank0                           bank0        000000
__Lbank1                           bank1        000000
__Lbank2                           bank2        000000
__Lbank3                           bank3        000000
__Lbank4                           bank4        000000
__Lbank5                           bank5        000000
__Lbigbss                          bigbss       000000
__Lbigdata                         bigdata      000000
__Lbigram                          bigram       000000
__Lbigsfr                          bigsfr       000000
__Lbss                             bss          000000
__LbssBANK1                        bssBANK1     000000
__LbssCOMRAM                       bssCOMRAM    000000
__Lcinit                           cinit        000000
__Lclrtext                         clrtext      000000
__Lcomram                          comram       000000
__Lconfig                          config       000000
__Lconst                           const        000000
__LcstackBANK0                     cstackBANK0  000000
__LcstackCOMRAM                    cstackCOMRAM 000000
__Ldata                            data         000000
__Leeprom_data                     eeprom_data  000000
__Lfarbss                          farbss       000000
__Lfardata                         fardata      000000
__Lheap                            heap         000000
__Libigdata                        ibigdata     000000
__Lidata                           idata        000000
__Lidloc                           idloc        000000
__Lifardata                        ifardata     000000
__Linit                            init         00006C
__Lintcode                         intcode      000008
__Lintcode_body                    intcode_body 000000
__Lintcodelo                       intcodelo    000018
__Lintentry                        intentry     000000
__Lintret                          intret       000000
__Lintsave_regs                    intsave_regs 000000
__Lirdata                          irdata       000000
__Lmediumconst                     mediumconst  000000
__LnvFARRAM                        nvFARRAM     000000
__Lnvbit                           nvbit        000000
__Lnvrram                          nvrram       000000
__Lparam                           rparam       000000
__Lpowerup                         powerup      00006C
__Lram                             ram          000000
__Lramtop                          ramtop       000600
__Lrbit                            rbit         000000
__Lrbss                            rbss         000000
__Lrdata                           rdata        000000
__Lreset_vec                       reset_vec    000000
__Lrparam                          rparam       000000
__Lsfr                             sfr          000000
__Lsivt_hi                         sivt_hi      000000
__Lsivt_lo                         sivt_lo      000000
__Lsmallconst                      smallconst   000600
__Lspace_0                         (abs)        000000
__Lspace_1                         (abs)        000000
__Lspace_2                         (abs)        000000
__Lspace_4                         (abs)        000000
__Lstack                           stack        000000
__Lstruct                          struct       000000
__Ltemp                            temp         000026
__Ltext                            text         000000
__Ltext0                           text0        000000
__Ltext1                           text1        000000
__Ltext10                          text10       000000
__Ltext11                          text11       000000
__Ltext12                          text12       000000
__Ltext13                          text13       000000
__Ltext2                           text2        000000
__Ltext3                           text3        000000
__Ltext4                           text4        000000
__Ltext5                           text5        000000
__Ltext7                           text7        000000
__Ltext8                           text8        000000
__S0                               (abs)        000876
__S1                               (abs)        000164
__S4                               (abs)        000000
__S5                               (abs)        000000
___heap_hi                         (abs)        000000
___heap_lo                         (abs)        000000
___inthi_sp                        stack        000000
___inthi_stack_hi                  stack        000000
___inthi_stack_lo                  stack        000000
___intlo_sp                        stack        000000
___intlo_stack_hi                  stack        000000
___intlo_stack_lo                  stack        000000
___param_bank                      (abs)        000000
___rparam_used                     (abs)        000001
___sp                              stack        000000
___stack_hi                        stack        000000
___stack_lo                        stack        000000
__accesstop                        (abs)        000080
__activetblptr                     (abs)        000000
__end_of_GetString                 text5        000868
__end_of_H_ISR                     intcode_body 0006EE
__end_of_Initialize                text4        000686
__end_of_Lo_ISR                    intcodelo    00006C
__end_of_MyusartRead               text7        000782
__end_of_UART_Write                text8        00085E
__end_of_VR_value_to_LED_analog    text12       000872
__end_of__initialization           cinit        000824
__end_of_button_pressed            text13       000876
__end_of_keyboard_input            text3        000874
__end_of_main                      text0        000740
__end_of_set_LED_analog            text11       00080C
__end_of_strcpy                    text2        0007DE
__end_of_strlen                    text1        0007B0
__end_of_variable_register_changed text10       000848
__initialization                   cinit        00080C
__mediumconst                      mediumconst  000000
__pbssBANK1                        bssBANK1     000100
__pbssCOMRAM                       bssCOMRAM    00001A
__pcinit                           cinit        00080C
__pcstackBANK0                     cstackBANK0  000080
__pcstackCOMRAM                    cstackCOMRAM 000001
__pintcode                         intcode      000008
__pintcode_body                    intcode_body 000686
__pintcodelo                       intcodelo    000018
__psmallconst                      smallconst   000600
__ptext0                           text0        0006EE
__ptext1                           text1        000782
__ptext10                          text10       00082E
__ptext11                          text11       0007DE
__ptext12                          text12       000868
__ptext13                          text13       000874
__ptext2                           text2        0007B0
__ptext3                           text3        000872
__ptext4                           text4        000602
__ptext5                           text5        00085E
__ptext7                           text7        000740
__ptext8                           text8        000848
__ramtop                           ramtop       000600
__smallconst                       smallconst   000600
_button_pressed                    text13       000874
_current_servo_angle               bssCOMRAM    000022
_f                                 bssCOMRAM    00001C
_keyboard_input                    text3        000872
_last                              bssCOMRAM    00001E
_lenStr                            bssCOMRAM    000024
_main                              text0        0006EE
_mystring                          bssBANK1     000100
_now                               bssCOMRAM    000020
_s                                 bssCOMRAM    00001A
_set_LED_analog                    text11       0007DE
_strcpy                            text2        0007B0
_strlen                            text1        000782
_variable_register_changed         text10       00082E
btemp                              temp         000026
end_of_initialization              cinit        000824
int$flags                          temp         000026
int_func                           intcode_body 000686
intlevel0                          text         000000
intlevel1                          text         000000
intlevel2                          text         000000
intlevel3                          text         000000
isa$std                            (abs)        000001
isa$xinst                          (abs)        000000
keyboard_input@str                 cstackCOMRAM 000014
main@str                           cstackBANK0  000080
set_LED_analog@value               cstackCOMRAM 000003
stackhi                            (abs)        000000
stacklo                            (abs)        000000
start                              init         00006C
start_initialization               cinit        00080C
strcpy@d                           cstackCOMRAM 000019
strcpy@dest                        cstackCOMRAM 000016
strcpy@src                         cstackCOMRAM 000017
strlen@a                           cstackCOMRAM 000016
strlen@s                           cstackCOMRAM 000014
ttemp5                             temp         000027
ttemp6                             temp         00002A
ttemp7                             temp         00002E
variable_register_changed@value    cstackCOMRAM 000007
wtemp8                             temp         000027


MODULE INFORMATION

Module		Function		Class		Link	Load	Size
newmain.c
		_variable_register_changed		CODE           	082E	0000	26
		_Lo_ISR        		CODE           	0018	0000	84
		_MyusartRead   		CODE           	0740	0000	66
		_button_pressed		CODE           	0874	0000	2
		_keyboard_input		CODE           	0872	0000	2
		_H_ISR         		CODE           	0008	0000	110
		_main          		CODE           	06EE	0000	82
		_Initialize    		CODE           	0602	0000	132
		_set_LED_analog		CODE           	07DE	0000	46
		_GetString     		CODE           	085E	0000	10
		_VR_value_to_LED_analog		CODE           	0868	0000	10
		_UART_Write    		CODE           	0848	0000	22

newmain.c estimated size: 592

/Applications/microchip/xc8/v2.50/pic/sources/c99/common/strlen.c
		_strlen        		CODE           	0782	0000	46

/Applications/microchip/xc8/v2.50/pic/sources/c99/common/strlen.c estimated size: 46

/Applications/microchip/xc8/v2.50/pic/sources/c99/common/strcpy.c
		_strcpy        		CODE           	07B0	0000	46

/Applications/microchip/xc8/v2.50/pic/sources/c99/common/strcpy.c estimated size: 46

shared
		__initialization		CODE           	080C	0000	24

shared estimated size: 24

