Microchip MPLAB XC8 Compiler V2.50

Linker command line:

-W-3 --edf=/Applications/microchip/xc8/v2.50/pic/dat/20240725155939_en.msgs \
  -cn -h+dist/default/production/final.X.production.sym \
  --cmf=dist/default/production/final.X.production.cmf -z -w9 \
  --disl=596:off --norlf -Q18F4520 -o/tmp/xclHT1yq6/driver_tmp_3.o \
  --defsym=__MPLAB_BUILD=1 -Mdist/default/production/final.X.production.map \
  --md=/tmp/xclHT1yq6/driver_tmp_0.dat -E1 -ver=XC8 Compiler --acfsm=1493 \
  -ACODE=00h-07FFFh -ACONST=00h-07FFFh -ASMALLCONST=0600h-06FFhx122 \
  -AMEDIUMCONST=0600h-07FFFh -ACOMRAM=01h-07Fh -AABS1=00h-05FFh \
  -ABIGRAM=01h-05FFh -ARAM=080h-0FFh,0100h-01FFhx5 -ABANK0=080h-0FFh \
  -ABANK1=0100h-01FFh -ABANK2=0200h-02FFh -ABANK3=0300h-03FFh \
  -ABANK4=0400h-04FFh -ABANK5=0500h-05FFh -ASFR=0F80h-0FFFh \
  -ABIGSFR=0F80h-0FFFh -ACONFIG=0300000h-030000Dh -AIDLOC=0200000h-0200007h \
  -AEEDATA=0F00000h-0F000FFh -peeprom_data=EEDATA \
  -preset_vec=00h,intcode,sivt_hi,intcodelo,sivt_lo,powerup,init \
  -pramtop=0600h -psmallconst=SMALLCONST -pmediumconst=MEDIUMCONST \
  -pconst=CONST -AFARRAM=00h-00h \
  -prdata=COMRAM,nvrram=COMRAM,nvbit=COMRAM,rbss=COMRAM,rbit=COMRAM \
  -pfarbss=FARRAM,fardata=FARRAM,nvFARRAM=FARRAM \
  -pintsave_regs=BIGRAM,bigbss=BIGRAM,bigdata=BIGRAM -pbss=RAM \
  -pidata=CODE,irdata=CODE,ibigdata=CODE,ifardata=CODE \
  /tmp/xclHT1yq6/driver_tmp_9.o \
  dist/default/production/final.X.production.o 

Object code version is 3.11

Machine type is 18F4520



                Name                               Link     Load   Length Selector   Space Scale
/tmp/xclHT1yq6/driver_tmp_9.o
                idloc                            200000   200000        8        0       5
                config                           300000   300000        E        0       4
                init                                 5A       5A        4        0       0
dist/default/production/final.X.production.o
                intcodelo                             6        6       54        0       0
                intcode                               0        0        6        0       0
                idloc                            200000   200000        8        0       5
                config                           300000   300000        E        0       4
                temp                                 34       34        1        1       1
                smallconst                          600      600       26      300       0
                intcode_body                        876      876       F0      313       0
                text20                              DC6      DC6       62      313       0
                text19                              FEA      FEA       4E      313       0
                text17                              C68      C68       92      313       0
                text16                             10C0     10C0       40      313       0
                text15                              F48      F48       54      313       0
                text14                              CFA      CFA       6A      313       0
                text13                              75A      75A      11C      313       0
                text12                              A3A      A3A       C2      313       0
                text11                              BBA      BBA       AE      313       0
                text10                             1080     1080       40      313       0
                text9                               AFC      AFC       BE      313       0
                text8                               D64      D64       62      313       0
                text7                              1132     1132       2E      313       0
                text6                               EE8      EE8       60      313       0
                text5                              1038     1038       48      313       0
                text4                               E88      E88       60      313       0
                text3                               E28      E28       60      313       0
                text2                               966      966       D4      313       0
                text1                               626      626      134      313       0
                text0                               F9C      F9C       4E      313       0
                cstackCOMRAM                          1        1       2C        1       1
                cstackBANK0                          80       80       66       80       1
                cstackBANK1                         100      100       D0      100       1
                cstackBANK2                         264      264       64      200       1
                bssBANK3                            300      300       C8      300       1
                bssBANK2                            200      200       64      200       1
                bssCOMRAM                            2D       2D        7        1       1
                cinit                              1100     1100       32      313       0

TOTAL           Name                               Link     Load   Length     Space
        CLASS   CODE           
                intcodelo                             6        6       54         0
                intcode                               0        0        6         0
                init                                 5A       5A        4         0
                intcode_body                        876      876       F0         0
                text20                              DC6      DC6       62         0
                text19                              FEA      FEA       4E         0
                text17                              C68      C68       92         0
                text16                             10C0     10C0       40         0
                text15                              F48      F48       54         0
                text14                              CFA      CFA       6A         0
                text13                              75A      75A      11C         0
                text12                              A3A      A3A       C2         0
                text11                              BBA      BBA       AE         0
                text10                             1080     1080       40         0
                text9                               AFC      AFC       BE         0
                text8                               D64      D64       62         0
                text7                              1132     1132       2E         0
                text6                               EE8      EE8       60         0
                text5                              1038     1038       48         0
                text4                               E88      E88       60         0
                text3                               E28      E28       60         0
                text2                               966      966       D4         0
                text1                               626      626      134         0
                text0                               F9C      F9C       4E         0
                cinit                              1100     1100       32         0

        CLASS   CONST          

        CLASS   SMALLCONST     
                smallconst                          600      600       26         0

        CLASS   MEDIUMCONST    

        CLASS   COMRAM         
                temp                                 34       34        1         1
                cstackCOMRAM                          1        1       2C         1
                bssCOMRAM                            2D       2D        7         1

        CLASS   ABS1           

        CLASS   BIGRAM         

        CLASS   RAM            

        CLASS   BANK0          
                cstackBANK0                          80       80       66         1

        CLASS   BANK1          
                cstackBANK1                         100      100       D0         1

        CLASS   BANK2          
                cstackBANK2                         264      264       64         1
                bssBANK2                            200      200       64         1

        CLASS   BANK3          
                bssBANK3                            300      300       C8         1

        CLASS   BANK4          

        CLASS   BANK5          

        CLASS   SFR            

        CLASS   BIGSFR         

        CLASS   CONFIG         
                config                           300000   300000        E         4

        CLASS   IDLOC          
                idloc                            200000   200000        8         5

        CLASS   EEDATA         

        CLASS   FARRAM         

        CLASS   HEAP           

        CLASS   STACK          



SEGMENTS        Name                           Load    Length   Top    Selector   Space  Class

                bssBANK3                       000300  0000C8  0003C8       300       1  BANK3   
                bssBANK2                       000200  0000C8  0002C8       200       1  BANK2   
                cstackBANK1                    000100  0000D0  0001D0       100       1  BANK1   
                cstackBANK0                    000080  000066  0000E6        80       1  BANK0   
                text1                          000626  000B3A  001160       313       0  CODE    
                reset_vec                      000000  00005E  00005E         0       0  CODE    
                smallconst                     000600  000026  000626       300       0  SMALLCON
                cstackCOMRAM                   000001  000034  000035         1       1  COMRAM  


UNUSED ADDRESS RANGES

        Name                Unused          Largest block    Delta
        BANK0            0000E6-0000FF               1A
        BANK1            0001D0-0001FF               30
        BANK2            0002C8-0002FF               38
        BANK3            0003C8-0003FF               38
        BANK4            000400-0004FF              100
        BANK5            000500-0005FF              100
        BIGRAM           000035-00007F               4B
                         0000E6-0000FF               1A
                         0001D0-0001FF               30
                         0002C8-0002FF               38
                         0003C8-0005FF              238
        BIGSFR           000F80-000FFF               80
        CODE             00005E-0005FF              5A2
                         001160-007FFF             6EA0
        COMRAM           000035-00007F               4B
        CONST            00005E-0005FF              5A2
                         001160-007FFF             6EA0
        EEDATA           F00000-F000FF              100
        MEDIUMCONST      001160-007FFF             6EA0
        RAM              0000E6-0000FF               1A
                         0001D0-0001FF               30
                         0002C8-0002FF               38
                         0003C8-0005FF              100
        SFR              000F80-000FFF               80
        SMALLCONST       001160-007FFF              100

                                  Symbol Table

_H_ISR                      intcode      000000
__HRAM                      (abs)        000000
__H__absolute__             __absolute__ 000000
__Habs1                     abs1         000000
__Hbank0                    bank0        000000
__Hbank1                    bank1        000000
__Hbank2                    bank2        000000
__Hbank3                    bank3        000000
__Hbank4                    bank4        000000
__Hbank5                    bank5        000000
__Hbigbss                   bigbss       000000
__Hbigdata                  bigdata      000000
__Hbigram                   bigram       000000
__Hbigsfr                   bigsfr       000000
__Hbss                      bss          000000
__HbssBANK2                 bssBANK2     000000
__HbssBANK3                 bssBANK3     000000
__HbssCOMRAM                bssCOMRAM    000000
__Hcinit                    cinit        000000
__Hclrtext                  clrtext      000000
__Hcomram                   comram       000000
__Hconst                    const        000000
__HcstackBANK0              cstackBANK0  000000
__HcstackBANK1              cstackBANK1  000000
__HcstackBANK2              cstackBANK2  000000
__HcstackCOMRAM             cstackCOMRAM 000000
__Hdata                     data         000000
__Heeprom_data              eeprom_data  000000
__Hfarbss                   farbss       000000
__Hfardata                  fardata      000000
__Hheap                     heap         000000
__Hibigdata                 ibigdata     000000
__Hidata                    idata        000000
__Hifardata                 ifardata     000000
__Hintcode_body             intcode_body 000000
__Hintentry                 intentry     000000
__Hintret                   intret       000000
__Hintsave_regs             intsave_regs 000000
__Hirdata                   irdata       000000
__Hmediumconst              mediumconst  000000
__HnvFARRAM                 nvFARRAM     000000
__Hnvbit                    nvbit        000000
__Hnvrram                   nvrram       000000
__Hparam                    rparam       000000
__Hram                      ram          000000
__Hrbit                     rbit         000000
__Hrbss                     rbss         000000
__Hrdata                    rdata        000000
__Hreset_vec                reset_vec    000000
__Hrparam                   rparam       000000
__Hsfr                      sfr          000000
__Hspace_2                  (abs)        000000
__Hstack                    stack        000000
__Hstruct                   struct       000000
__Htext                     text         000000
__Htext0                    text0        000000
__Htext1                    text1        000000
__Htext10                   text10       000000
__Htext11                   text11       000000
__Htext12                   text12       000000
__Htext13                   text13       000000
__Htext14                   text14       000000
__Htext15                   text15       000000
__Htext16                   text16       000000
__Htext17                   text17       000000
__Htext19                   text19       000000
__Htext2                    text2        000000
__Htext20                   text20       000000
__Htext3                    text3        000000
__Htext4                    text4        000000
__Htext5                    text5        000000
__Htext6                    text6        000000
__Htext7                    text7        000000
__Htext8                    text8        000000
__Htext9                    text9        000000
__L__absolute__             __absolute__ 000000
__Labs1                     abs1         000000
__Lbank0                    bank0        000000
__Lbank1                    bank1        000000
__Lbank2                    bank2        000000
__Lbank3                    bank3        000000
__Lbank4                    bank4        000000
__Lbank5                    bank5        000000
__Lbigbss                   bigbss       000000
__Lbigdata                  bigdata      000000
__Lbigram                   bigram       000000
__Lbigsfr                   bigsfr       000000
__Lbss                      bss          000000
__LbssBANK2                 bssBANK2     000000
__LbssBANK3                 bssBANK3     000000
__LbssCOMRAM                bssCOMRAM    000000
__Lcinit                    cinit        000000
__Lclrtext                  clrtext      000000
__Lcomram                   comram       000000
__Lconfig                   config       000000
__Lconst                    const        000000
__LcstackBANK0              cstackBANK0  000000
__LcstackBANK1              cstackBANK1  000000
__LcstackBANK2              cstackBANK2  000000
__LcstackCOMRAM             cstackCOMRAM 000000
__Ldata                     data         000000
__Leeprom_data              eeprom_data  000000
__Lfarbss                   farbss       000000
__Lfardata                  fardata      000000
__Lheap                     heap         000000
__Libigdata                 ibigdata     000000
__Lidata                    idata        000000
__Lidloc                    idloc        000000
__Lifardata                 ifardata     000000
__Lintcode                  intcode      000000
__Lintcode_body             intcode_body 000000
__Lintentry                 intentry     000000
__Lintret                   intret       000000
__Lintsave_regs             intsave_regs 000000
__Lirdata                   irdata       000000
__Lmediumconst              mediumconst  000000
__LnvFARRAM                 nvFARRAM     000000
__Lnvbit                    nvbit        000000
__Lnvrram                   nvrram       000000
__Lparam                    rparam       000000
__Lram                      ram          000000
__Lrbit                     rbit         000000
__Lrbss                     rbss         000000
__Lrdata                    rdata        000000
__Lreset_vec                reset_vec    000000
__Lrparam                   rparam       000000
__Lsfr                      sfr          000000
__Lspace_0                  (abs)        000000
__Lspace_1                  (abs)        000000
__Lspace_2                  (abs)        000000
__Lspace_4                  (abs)        000000
__Lstack                    stack        000000
__Lstruct                   struct       000000
__Ltext                     text         000000
__Ltext0                    text0        000000
__Ltext1                    text1        000000
__Ltext10                   text10       000000
__Ltext11                   text11       000000
__Ltext12                   text12       000000
__Ltext13                   text13       000000
__Ltext14                   text14       000000
__Ltext15                   text15       000000
__Ltext16                   text16       000000
__Ltext17                   text17       000000
__Ltext19                   text19       000000
__Ltext2                    text2        000000
__Ltext20                   text20       000000
__Ltext3                    text3        000000
__Ltext4                    text4        000000
__Ltext5                    text5        000000
__Ltext6                    text6        000000
__Ltext7                    text7        000000
__Ltext8                    text8        000000
__Ltext9                    text9        000000
__S4                        (abs)        000000
__S5                        (abs)        000000
___heap_hi                  (abs)        000000
___heap_lo                  (abs)        000000
___inthi_sp                 stack        000000
___inthi_stack_hi           stack        000000
___inthi_stack_lo           stack        000000
___intlo_sp                 stack        000000
___intlo_stack_hi           stack        000000
___intlo_stack_lo           stack        000000
___param_bank               (abs)        000000
___sp                       stack        000000
___stack_hi                 stack        000000
___stack_lo                 stack        000000
__mediumconst               mediumconst  000000
__pintcode                  intcode      000000
_button_pressed                                
_keyboard_input                                
_variable_register_changed                     
?_keyboard_input            cstackCOMRAM 000001
?_variable_register_changed cstackCOMRAM 000001
__LRAM                      (abs)        000001
___rparam_used              (abs)        000001
__pcstackCOMRAM             cstackCOMRAM 000001
__activetblptr              (abs)        000002
_Lo_ISR                     intcodelo    000006
__Hintcode                  intcode      000006
__Hsivt_hi                  sivt_hi      000006
__Lintcodelo                intcodelo    000006
__Lsivt_hi                  sivt_hi      000006
__pintcodelo                intcodelo    000006
H_ISR@value                 cstackCOMRAM 000011
i1putch@data                cstackCOMRAM 000013
MyusartRead@data            cstackCOMRAM 000015
?___awdiv                   cstackCOMRAM 00001B
?___awmod                   cstackCOMRAM 00001B
?_atoi                      cstackCOMRAM 00001B
?_strlen                    cstackCOMRAM 00001B
ClearBuffer@i               cstackCOMRAM 00001B
___awdiv@dividend           cstackCOMRAM 00001B
___awmod@dividend           cstackCOMRAM 00001B
atoi@s                      cstackCOMRAM 00001B
___awdiv@divisor            cstackCOMRAM 00001D
___awmod@divisor            cstackCOMRAM 00001D
?_strcspn                   cstackCOMRAM 00001F
?_strspn                    cstackCOMRAM 00001F
___awdiv@counter            cstackCOMRAM 00001F
___awmod@counter            cstackCOMRAM 00001F
___awdiv@sign               cstackCOMRAM 000020
___awmod@sign               cstackCOMRAM 000020
atoi@neg                    cstackCOMRAM 000020
___awdiv@quotient           cstackCOMRAM 000021
atoi@n                      cstackCOMRAM 000021
intlevel0                   text         000000
intlevel1                   text         000000
intlevel2                   text         000000
intlevel3                   text         000000
isa$xinst                   (abs)        000000
isa$std                     (abs)        000001
putch@data                  cstackCOMRAM 00001B
reverse@first               cstackCOMRAM 00001B
stackhi                     (abs)        000000
stacklo                     (abs)        000000
strchr@s                    cstackCOMRAM 00001B
strcpy@dest                 cstackCOMRAM 00001B
strlen@s                    cstackCOMRAM 00001B
reverse@last                cstackCOMRAM 00001C
strchr@c                    cstackCOMRAM 00001C
reverse@tmp                 cstackCOMRAM 00001D
strcpy@src                  cstackCOMRAM 00001D
strlen@a                    cstackCOMRAM 00001D
strcspn@s                   cstackCOMRAM 00001F
strspn@s                    cstackCOMRAM 00001F
strcpy@d                    cstackCOMRAM 000021
strcspn@c                   cstackCOMRAM 000021
strspn@c                    cstackCOMRAM 000021
?_GetString                 cstackCOMRAM 000023
GetString@str               cstackCOMRAM 000023
itoa@n                      cstackCOMRAM 000023
strcspn@i                   cstackCOMRAM 000023
strspn@i                    cstackCOMRAM 000023
?_strtok                    cstackCOMRAM 000025
itoa@s                      cstackCOMRAM 000025
strtok@s                    cstackCOMRAM 000025
itoa@sign                   cstackCOMRAM 000027
strtok@sep                  cstackCOMRAM 000027
itoa@i                      cstackCOMRAM 000029
print_number@num            cstackCOMRAM 00002B
__pbssCOMRAM                bssCOMRAM    00002D
strtok@p                    bssCOMRAM    00002D
_cnt                        bssCOMRAM    00002F
_buffer_size                bssCOMRAM    000031
_btn_interr                 bssCOMRAM    000033
__Ltemp                     temp         000034
btemp                       temp         000034
int$flags                   temp         000034
__Htemp                     temp         000035
ttemp5                      temp         000035
wtemp8                      temp         000035
ttemp6                      temp         000038
ttemp7                      temp         00003C
__Hintcodelo                intcodelo    00005A
__Hpowerup                  powerup      00005A
__Hsivt_lo                  sivt_lo      00005A
__Linit                     init         00005A
__Lpowerup                  powerup      00005A
__Lsivt_lo                  sivt_lo      00005A
__end_of_Lo_ISR             intcodelo    00005A
start                       init         00005A
__Hinit                     init         00005E
__accesstop                 (abs)        000080
__pcstackBANK0              cstackBANK0  000080
print_number@tmp            cstackBANK0  000080
print_number@i              cstackBANK0  0000E4
ParsingData@str             cstackBANK1  000100
__pcstackBANK1              cstackBANK1  000100
ParsingData@input           cstackBANK1  000164
ParsingData@step            cstackBANK1  0001C8
ParsingData@heartRate       cstackBANK1  0001CA
ParsingData@temp            cstackBANK1  0001CC
ParsingData@token           cstackBANK1  0001CE
__pbssBANK2                 bssBANK2     000200
_buffer                     bssBANK2     000200
__pcstackBANK2              cstackBANK2  000264
main@str                    cstackBANK2  000264
__pbssBANK3                 bssBANK3     000300
__Hspace_1                  (abs)        0003C8
__S1                        (abs)        0003C8
__Hramtop                   ramtop       000600
__Lramtop                   ramtop       000600
__Lsmallconst               smallconst   000600
__psmallconst               smallconst   000600
__ramtop                    ramtop       000600
__smallconst                smallconst   000600
_ParsingData                text1        000626
__Hsmallconst               smallconst   000626
__ptext1                    text1        000626
__end_of_ParsingData        text1        00075A
__ptext13                   text13       00075A
_atoi                       text13       00075A
__end_of_atoi               text13       000876
__pintcode_body             intcode_body 000876
int_func                    intcode_body 000876
__end_of_H_ISR              intcode_body 000966
__ptext2                    text2        000966
_strtok                     text2        000966
___awdiv                    text12       000A3A
__end_of_strtok             text2        000A3A
__ptext12                   text12       000A3A
__end_of___awdiv            text12       000AFC
__ptext9                    text9        000AFC
_itoa                       text9        000AFC
___awmod                    text11       000BBA
__end_of_itoa               text9        000BBA
__ptext11                   text11       000BBA
_Initialize                 text17       000C68
__end_of___awmod            text11       000C68
__ptext17                   text17       000C68
_GetString                  text14       000CFA
__end_of_Initialize         text17       000CFA
__ptext14                   text14       000CFA
__end_of_GetString          text14       000D64
__ptext8                    text8        000D64
_putch                      text8        000D64
__end_of_putch              text8        000DC6
__ptext20                   text20       000DC6
i1_putch                    text20       000DC6
__end_ofi1_putch            text20       000E28
__ptext3                    text3        000E28
_strspn                     text3        000E28
__end_of_strspn             text3        000E88
__ptext4                    text4        000E88
_strcspn                    text4        000E88
__end_of_strcspn            text4        000EE8
__ptext6                    text6        000EE8
_print_number               text6        000EE8
__end_of_print_number       text6        000F48
__ptext15                   text15       000F48
_strcpy                     text15       000F48
_LATA                       (abs)        000F89
_LATC                       (abs)        000F8B
_TRISA                      (abs)        000F92
_TRISAbits                  (abs)        000F92
_TRISB                      (abs)        000F93
_TRISC                      (abs)        000F94
_TRISCbits                  (abs)        000F94
__end_of_strcpy             text15       000F9C
__ptext0                    text0        000F9C
_main                       text0        000F9C
_PIE1bits                   (abs)        000F9D
_PIR1bits                   (abs)        000F9E
_IPR1bits                   (abs)        000F9F
_RCSTAbits                  (abs)        000FAB
_TXSTAbits                  (abs)        000FAC
_TXREG                      (abs)        000FAD
_RCREG                      (abs)        000FAE
_SPBRG                      (abs)        000FAF
_BAUDCONbits                (abs)        000FB8
_CCP1CONbits                (abs)        000FBD
_ADCON2bits                 (abs)        000FC0
_ADCON1bits                 (abs)        000FC1
_ADCON0bits                 (abs)        000FC2
_ADRESL                     (abs)        000FC3
_ADRESH                     (abs)        000FC4
_T2CON                      (abs)        000FCA
_T2CONbits                  (abs)        000FCA
_PR2                        (abs)        000FCB
_RCONbits                   (abs)        000FD0
_OSCCONbits                 (abs)        000FD3
_MyusartRead                text19       000FEA
__end_of_main               text0        000FEA
__ptext19                   text19       000FEA
_INTCONbits                 (abs)        000FF2
__end_of_MyusartRead        text19       001038
__ptext5                    text5        001038
_strchr                     text5        001038
__end_of_strchr             text5        001080
__ptext10                   text10       001080
_reverse                    text10       001080
_ClearBuffer                text16       0010C0
__end_of_reverse            text10       0010C0
__ptext16                   text16       0010C0
__end_of_ClearBuffer        text16       001100
__initialization            cinit        001100
__pcinit                    cinit        001100
start_initialization        cinit        001100
__end_of__initialization    cinit        001124
end_of_initialization       cinit        001124
__ptext7                    text7        001132
_strlen                     text7        001132
__Hspace_0                  (abs)        001160
__S0                        (abs)        001160
__end_of_strlen             text7        001160
_RCIF                       (abs)        007CF5
_CREN                       (abs)        007D5C
__Hidloc                    idloc        200008
__Hconfig                   config       30000E
__Hspace_4                  (abs)        60000E
