Microchip MPLAB XC8 Compiler V2.50

Linker command line:

-W-3 \
  --edf=C:\Program Files\Microchip\xc8\v2.50\pic\dat\20240725155939_en.msgs \
  -cn -h+dist/default/debug\Fitness_Tracker.X.debug.sym \
  --cmf=dist/default/debug\Fitness_Tracker.X.debug.cmf -z -Q18F4520 \
  -oC:\Users\Colten\AppData\Local\Temp\xcBsa2c.1\driver_tmp_3.o \
  --defsym=__MPLAB_BUILD=1 --fixupoverflow=error \
  -Mdist/default/debug/Fitness_Tracker.X.debug.map \
  --md=C:\Users\Colten\AppData\Local\Temp\xcBsa2c.1\driver_tmp_0.dat -E1 \
  -ver=XC8 Compiler --acfsm=1493 -ACODE=00h-07DBFh -ACONST=00h-07DBFh \
  -ASMALLCONST=0600h-06FFhx119,07D00h-07DBFh -AMEDIUMCONST=0600h-07DBFh \
  -ACOMRAM=01h-07Fh -AABS1=00h-05F3h -ABIGRAM=01h-05F3h \
  -ARAM=080h-0FFh,0100h-01FFhx4,0500h-05F3h -ABANK0=080h-0FFh \
  -ABANK1=0100h-01FFh -ABANK2=0200h-02FFh -ABANK3=0300h-03FFh \
  -ABANK4=0400h-04FFh -ABANK5=0500h-05F3h \
  -ASFR=0F80h-0F9Bh,0F9Dh-0FD3h,0FD5h-0FDAh,0FE0h-0FE2h,0FE8h-0FEAh,0FF0h-0FFCh \
  -ABIGSFR=0F80h-0F9Bh,0F9Dh-0FD3h,0FD5h-0FDAh,0FE0h-0FE2h,0FE8h-0FEAh,0FF0h-0FFCh \
  -ACONFIG=0300000h-030000Dh -AIDLOC=0200000h-0200007h \
  -AEEDATA=0F00000h-0F000FFh -peeprom_data=EEDATA \
  -preset_vec=00h,intcode=8h,intcodelo=18h,powerup,init -pramtop=0600h \
  -psmallconst=SMALLCONST -pmediumconst=MEDIUMCONST -pconst=CONST \
  -AFARRAM=00h-00h \
  -prdata=COMRAM,nvrram=COMRAM,nvbit=COMRAM,rbss=COMRAM,rbit=COMRAM \
  -pfarbss=FARRAM,fardata=FARRAM,nvFARRAM=FARRAM \
  -pintsave_regs=BIGRAM,bigbss=BIGRAM,bigdata=BIGRAM -pbss=RAM \
  -pidata=CODE,irdata=CODE,ibigdata=CODE,ifardata=CODE -prparam=COMRAM \
  C:\Users\Colten\AppData\Local\Temp\xcBsa2c.1\driver_tmp_9.o \
  dist/default/debug\Fitness_Tracker.X.debug.o 

Object code version is 3.11

Machine type is 18F4520



                Name                               Link     Load   Length Selector   Space Scale
C:\Users\Colten\AppData\Local\Temp\xcBsa2c.1\driver_tmp_9.o
                idloc                            200000   200000        8        0       5
                config                           300000   300000        E        0       4
                init                                 6C       6C        4        C       0
                reset_vec                             0        0        4        0       0
dist/default/debug\Fitness_Tracker.X.debug.o
                intcodelo                            18       18       54        C       0
                intcode                               8        8        6        4       0
                idloc                            200000   200000        8        0       5
                config                           300000   300000        E        0       4
                temp                                 35       35        1        1       1
                mediumconst                        7BB2     7BB2      20E     3DD9       0
                text15                              754      754        6        C       0
                intcode_body                        3B8      3B8       C2        C       0
                text13                              6E2      6E2       2C        C       0
                text12                              566      566       62        C       0
                text11                              5C8      5C8       4E        C       0
                text9                               70E      70E       26        C       0
                text8                               74A      74A        A        C       0
                text7                               740      740        A        C       0
                text6                               734      734        C        C       0
                text5                               6A6      6A6       3C        C       0
                text4                               616      616       4C        C       0
                text3                               502      502       64        C       0
                text2                               2A4      2A4      114        C       0
                text1                               47A      47A       88        C       0
                text0                                70       70      234        C       0
                cstackCOMRAM                          1        1       2B        1       1
                bssBANK0                             80       80       64       80       1
                dataCOMRAM                           31       31        4        1       1
                bssCOMRAM                            2C       2C        5        1       1
                cinit                               662      662       44        C       0
                idataCOMRAM                         75A      75A        4        C       0

TOTAL           Name                               Link     Load   Length     Space
        CLASS   CODE           
                intcodelo                            18       18       54         0
                intcode                               8        8        6         0
                init                                 6C       6C        4         0
                reset_vec                             0        0        4         0
                text15                              754      754        6         0
                intcode_body                        3B8      3B8       C2         0
                text13                              6E2      6E2       2C         0
                text12                              566      566       62         0
                text11                              5C8      5C8       4E         0
                text9                               70E      70E       26         0
                text8                               74A      74A        A         0
                text7                               740      740        A         0
                text6                               734      734        C         0
                text5                               6A6      6A6       3C         0
                text4                               616      616       4C         0
                text3                               502      502       64         0
                text2                               2A4      2A4      114         0
                text1                               47A      47A       88         0
                text0                                70       70      234         0
                cinit                               662      662       44         0
                idataCOMRAM                         75A      75A        4         0

        CLASS   CONST          

        CLASS   SMALLCONST     

        CLASS   MEDIUMCONST    
                mediumconst                        7BB2     7BB2      20E         0

        CLASS   COMRAM         
                temp                                 35       35        1         1
                cstackCOMRAM                          1        1       2B         1
                dataCOMRAM                           31       31        4         1
                bssCOMRAM                            2C       2C        5         1

        CLASS   ABS1           

        CLASS   BIGRAM         

        CLASS   RAM            

        CLASS   BANK0          
                bssBANK0                             80       80       64         1

        CLASS   BANK1          

        CLASS   BANK2          

        CLASS   BANK3          

        CLASS   BANK4          

        CLASS   BANK5          

        CLASS   SFR            

        CLASS   BIGSFR         

        CLASS   CONFIG         
                config                           300000   300000        E         4

        CLASS   IDLOC          
                idloc                            200000   200000        8         5

        CLASS   EEDATA         

        CLASS   FARRAM         

        CLASS   HEAP           

        CLASS   STACK          



SEGMENTS        Name                           Load    Length   Top    Selector   Space  Class

                reset_vec                      000000  000004  000004         0       0  CODE    
                cstackCOMRAM                   000001  000035  000036         1       1  COMRAM  
                intcode                        000008  000006  00000E         4       0  CODE    
                intcodelo                      000018  000746  00075E         C       0  CODE    
                bssBANK0                       000080  000064  0000E4        80       1  BANK0   
                mediumconst                    007BB2  00020E  007DC0      3DD9       0  MEDIUMCO


UNUSED ADDRESS RANGES

        Name                Unused          Largest block    Delta
        BANK0            0000E4-0000FF               1C
        BANK1            000100-0001FF              100
        BANK2            000200-0002FF              100
        BANK3            000300-0003FF              100
        BANK4            000400-0004FF              100
        BANK5            000500-0005F3               F4
        BIGRAM           000036-00007F               4A
                         0000E4-0005F3              510
        BIGSFR           000F80-000F9B               1C
                         000F9D-000FD3               37
                         000FD5-000FDA                6
                         000FE0-000FE2                3
                         000FE8-000FEA                3
                         000FF0-000FFC                D
        CODE             000004-000007                4
                         00000E-000017                A
                         00075E-007BB1             7454
        COMRAM           000036-00007F               4A
        CONST            000004-000007                4
                         00000E-000017                A
                         00075E-007BB1             7454
        EEDATA           F00000-F000FF              100
        MEDIUMCONST      00075E-007BB1             7454
        RAM              0000E4-0005F3              100
        SFR              000F80-000F9B               1C
                         000F9D-000FD3               37
                         000FD5-000FDA                6
                         000FE0-000FE2                3
                         000FE8-000FEA                3
                         000FF0-000FFC                D
        SMALLCONST       00075E-007BB1              100

                                  Symbol Table

?_isprint                                cstackCOMRAM 000003
I2C_Write@data                           cstackCOMRAM 00000E
MyusartRead@data                         cstackCOMRAM 000007
OLED_Clear@cnt                           cstackCOMRAM 000013
OLED_Print@bitmap                        cstackCOMRAM 000016
OLED_Print@bitmapSize                    cstackCOMRAM 000018
OLED_Print@cnt                           cstackCOMRAM 00001B
OLED_Print@endColumn                     cstackCOMRAM 000015
OLED_Print@endPage                       cstackCOMRAM 000013
OLED_Print@startColumn                   cstackCOMRAM 000014
OLED_Print@startPage                     cstackCOMRAM 00001A
OLED_PrintChar@c                         cstackCOMRAM 000020
OLED_PrintChar@endColumn                 cstackCOMRAM 00001F
OLED_PrintChar@endPage                   cstackCOMRAM 00001D
OLED_PrintChar@startColumn               cstackCOMRAM 00001E
OLED_PrintChar@startPage                 cstackCOMRAM 000022
OLED_PrintChar@which_to_print            cstackCOMRAM 000021
OLED_PrintNumber@column                  cstackCOMRAM 000029
OLED_PrintNumber@endColumn               cstackCOMRAM 000025
OLED_PrintNumber@endPage                 cstackCOMRAM 000023
OLED_PrintNumber@startColumn             cstackCOMRAM 000024
OLED_PrintNumber@startPage               cstackCOMRAM 000028
OLED_PrintNumber@str                     cstackCOMRAM 000026
OLED_SetPageAndColumnAddress@endColumn   cstackCOMRAM 000011
OLED_SetPageAndColumnAddress@endPage     cstackCOMRAM 00000F
OLED_SetPageAndColumnAddress@startColumn cstackCOMRAM 000010
OLED_SetPageAndColumnAddress@startPage   cstackCOMRAM 000012
_ADCON1                                  (abs)        000FC1
_BAUDCONbits                             (abs)        000FB8
_CREN                                    (abs)        007D5C
_GIE                                     (abs)        007F97
_H_ISR                                   intcode      000008
_I2C_Start                               text8        00074A
_I2C_Stop                                text7        000740
_I2C_Wait                                text9        00070E
_I2C_Write                               text6        000734
_INTCONbits                              (abs)        000FF2
_IPR1bits                                (abs)        000F9F
_IRCF0                                   (abs)        007E9C
_IRCF1                                   (abs)        007E9D
_IRCF2                                   (abs)        007E9E
_LATC                                    (abs)        000F8B
_Lo_ISR                                  intcodelo    000018
_MyusartRead                             text11       0005C8
_OLED_Clear                              text4        000616
_OLED_Print                              text3        000502
_OLED_PrintChar                          text2        0002A4
_OLED_PrintNumber                        text1        00047A
_OLED_SetPageAndColumnAddress            text5        0006A6
_OSCCON                                  (abs)        000FD3
_OSCTUNE                                 (abs)        000F9B
_PEN                                     (abs)        007E2A
_PIE1bits                                (abs)        000F9D
_PIR1bits                                (abs)        000F9E
_PR2                                     (abs)        000FCB
_RCIF                                    (abs)        007CF5
_RCONbits                                (abs)        000FD0
_RCREG                                   (abs)        000FAE
_RCSTAbits                               (abs)        000FAB
_SEN                                     (abs)        007E28
_SPBRG                                   (abs)        000FAF
_SSPADD                                  (abs)        000FC8
_SSPBUF                                  (abs)        000FC9
_SSPCON1                                 (abs)        000FC6
_SSPCON2                                 (abs)        000FC5
_SSPSTAT                                 (abs)        000FC7
_T2CON                                   (abs)        000FCA
_TRISB                                   (abs)        000F93
_TRISBbits                               (abs)        000F93
_TRISC                                   (abs)        000F94
_TRISCbits                               (abs)        000F94
_TXREG                                   (abs)        000FAD
_TXSTAbits                               (abs)        000FAC
__HRAM                                   (abs)        000000
__H__absolute__                          __absolute__ 000000
__Habs1                                  abs1         000000
__Hbank0                                 bank0        000000
__Hbank1                                 bank1        000000
__Hbank2                                 bank2        000000
__Hbank3                                 bank3        000000
__Hbank4                                 bank4        000000
__Hbank5                                 bank5        000000
__Hbigbss                                bigbss       000000
__Hbigdata                               bigdata      000000
__Hbigram                                bigram       000000
__Hbigsfr                                bigsfr       000000
__Hbss                                   bss          000000
__HbssBANK0                              bssBANK0     000000
__HbssCOMRAM                             bssCOMRAM    000000
__Hcinit                                 cinit        000000
__Hclrtext                               clrtext      000000
__Hcomram                                comram       000000
__Hconfig                                config       30000E
__Hconst                                 const        000000
__HcstackCOMRAM                          cstackCOMRAM 000000
__Hdata                                  data         000000
__HdataCOMRAM                            dataCOMRAM   000000
__Heeprom_data                           eeprom_data  000000
__Hfarbss                                farbss       000000
__Hfardata                               fardata      000000
__Hheap                                  heap         000000
__Hibigdata                              ibigdata     000000
__Hidata                                 idata        000000
__HidataCOMRAM                           idataCOMRAM  000000
__Hidloc                                 idloc        200008
__Hifardata                              ifardata     000000
__Hinit                                  init         000070
__Hintcode                               intcode      00000E
__Hintcode_body                          intcode_body 000000
__Hintcodelo                             intcodelo    00006C
__Hintentry                              intentry     000000
__Hintret                                intret       000000
__Hintsave_regs                          intsave_regs 000000
__Hirdata                                irdata       000000
__Hmediumconst                           mediumconst  007DC0
__HnvFARRAM                              nvFARRAM     000000
__Hnvbit                                 nvbit        000000
__Hnvrram                                nvrram       000000
__Hparam                                 rparam       000000
__Hpowerup                               powerup      00006C
__Hram                                   ram          000000
__Hramtop                                ramtop       000600
__Hrbit                                  rbit         000000
__Hrbss                                  rbss         000000
__Hrdata                                 rdata        000000
__Hreset_vec                             reset_vec    000004
__Hrparam                                rparam       000000
__Hsfr                                   sfr          000000
__Hsivt_hi                               sivt_hi      000000
__Hsivt_lo                               sivt_lo      000000
__Hsmallconst                            smallconst   000000
__Hspace_0                               (abs)        007DC0
__Hspace_1                               (abs)        0000E4
__Hspace_2                               (abs)        000000
__Hspace_4                               (abs)        60000E
__Hstack                                 stack        000000
__Hstruct                                struct       000000
__Htemp                                  temp         000036
__Htext                                  text         000000
__Htext0                                 text0        000000
__Htext1                                 text1        000000
__Htext11                                text11       000000
__Htext12                                text12       000000
__Htext13                                text13       000000
__Htext15                                text15       000000
__Htext2                                 text2        000000
__Htext3                                 text3        000000
__Htext4                                 text4        000000
__Htext5                                 text5        000000
__Htext6                                 text6        000000
__Htext7                                 text7        000000
__Htext8                                 text8        000000
__Htext9                                 text9        000000
__LRAM                                   (abs)        000001
__L__absolute__                          __absolute__ 000000
__Labs1                                  abs1         000000
__Lbank0                                 bank0        000000
__Lbank1                                 bank1        000000
__Lbank2                                 bank2        000000
__Lbank3                                 bank3        000000
__Lbank4                                 bank4        000000
__Lbank5                                 bank5        000000
__Lbigbss                                bigbss       000000
__Lbigdata                               bigdata      000000
__Lbigram                                bigram       000000
__Lbigsfr                                bigsfr       000000
__Lbss                                   bss          000000
__LbssBANK0                              bssBANK0     000000
__LbssCOMRAM                             bssCOMRAM    000000
__Lcinit                                 cinit        000000
__Lclrtext                               clrtext      000000
__Lcomram                                comram       000000
__Lconfig                                config       000000
__Lconst                                 const        000000
__LcstackCOMRAM                          cstackCOMRAM 000000
__Ldata                                  data         000000
__LdataCOMRAM                            dataCOMRAM   000000
__Leeprom_data                           eeprom_data  000000
__Lfarbss                                farbss       000000
__Lfardata                               fardata      000000
__Lheap                                  heap         000000
__Libigdata                              ibigdata     000000
__Lidata                                 idata        000000
__LidataCOMRAM                           idataCOMRAM  000000
__Lidloc                                 idloc        000000
__Lifardata                              ifardata     000000
__Linit                                  init         00006C
__Lintcode                               intcode      000008
__Lintcode_body                          intcode_body 000000
__Lintcodelo                             intcodelo    000018
__Lintentry                              intentry     000000
__Lintret                                intret       000000
__Lintsave_regs                          intsave_regs 000000
__Lirdata                                irdata       000000
__Lmediumconst                           mediumconst  007BB2
__LnvFARRAM                              nvFARRAM     000000
__Lnvbit                                 nvbit        000000
__Lnvrram                                nvrram       000000
__Lparam                                 rparam       000000
__Lpowerup                               powerup      00006C
__Lram                                   ram          000000
__Lramtop                                ramtop       000600
__Lrbit                                  rbit         000000
__Lrbss                                  rbss         000000
__Lrdata                                 rdata        000000
__Lreset_vec                             reset_vec    000000
__Lrparam                                rparam       000000
__Lsfr                                   sfr          000000
__Lsivt_hi                               sivt_hi      000000
__Lsivt_lo                               sivt_lo      000000
__Lsmallconst                            smallconst   000000
__Lspace_0                               (abs)        000000
__Lspace_1                               (abs)        000000
__Lspace_2                               (abs)        000000
__Lspace_4                               (abs)        000000
__Lstack                                 stack        000000
__Lstruct                                struct       000000
__Ltemp                                  temp         000035
__Ltext                                  text         000000
__Ltext0                                 text0        000000
__Ltext1                                 text1        000000
__Ltext11                                text11       000000
__Ltext12                                text12       000000
__Ltext13                                text13       000000
__Ltext15                                text15       000000
__Ltext2                                 text2        000000
__Ltext3                                 text3        000000
__Ltext4                                 text4        000000
__Ltext5                                 text5        000000
__Ltext6                                 text6        000000
__Ltext7                                 text7        000000
__Ltext8                                 text8        000000
__Ltext9                                 text9        000000
__S0                                     (abs)        007DC0
__S1                                     (abs)        0000E4
__S4                                     (abs)        000000
__S5                                     (abs)        000000
___heap_hi                               (abs)        000000
___heap_lo                               (abs)        000000
___inthi_sp                              stack        000000
___inthi_stack_hi                        stack        000000
___inthi_stack_lo                        stack        000000
___intlo_sp                              stack        000000
___intlo_stack_hi                        stack        000000
___intlo_stack_lo                        stack        000000
___param_bank                            (abs)        000000
___rparam_used                           (abs)        000001
___sp                                    stack        000000
___stack_hi                              stack        000000
___stack_lo                              stack        000000
__accesstop                              (abs)        000080
__activetblptr                           (abs)        000002
__end_of_H_ISR                           intcode_body 00047A
__end_of_I2C_Start                       text8        000754
__end_of_I2C_Stop                        text7        00074A
__end_of_I2C_Wait                        text9        000734
__end_of_I2C_Write                       text6        000740
__end_of_Lo_ISR                          intcodelo    00006C
__end_of_MyusartRead                     text11       000616
__end_of_OLED_Clear                      text4        000662
__end_of_OLED_Print                      text3        000566
__end_of_OLED_PrintChar                  text2        0003B8
__end_of_OLED_PrintNumber                text1        000502
__end_of_OLED_SetPageAndColumnAddress    text5        0006E2
__end_of__initialization                 cinit        000698
__end_of_b                               mediumconst  007D9D
__end_of_clock                           mediumconst  007D2D
__end_of_dot                             mediumconst  007DB1
__end_of_dots                            mediumconst  007DAD
__end_of_foots                           mediumconst  007CCD
__end_of_heart1                          mediumconst  007D6D
__end_of_heart2                          mediumconst  007D4D
__end_of_isprint                         text13       00070E
__end_of_m                               mediumconst  007D7D
__end_of_main                            text0        0002A4
__end_of_number                          mediumconst  007CA3
__end_of_p                               mediumconst  007D8D
__end_of_putch                           text12       0005C8
__end_of_temp                            mediumconst  007CED
__end_of_thermometer                     mediumconst  007D0D
__end_of_update_time                     text15       00075A
__initialization                         cinit        000662
__mediumconst                            mediumconst  007BB2
__pbssBANK0                              bssBANK0     000080
__pbssCOMRAM                             bssCOMRAM    00002C
__pcinit                                 cinit        000662
__pcstackCOMRAM                          cstackCOMRAM 000001
__pdataCOMRAM                            dataCOMRAM   000031
__pidataCOMRAM                           idataCOMRAM  00075A
__pintcode                               intcode      000008
__pintcode_body                          intcode_body 0003B8
__pintcodelo                             intcodelo    000018
__pmediumconst                           mediumconst  007BB2
__ptext0                                 text0        000070
__ptext1                                 text1        00047A
__ptext11                                text11       0005C8
__ptext12                                text12       000566
__ptext13                                text13       0006E2
__ptext15                                text15       000754
__ptext2                                 text2        0002A4
__ptext3                                 text3        000502
__ptext4                                 text4        000616
__ptext5                                 text5        0006A6
__ptext6                                 text6        000734
__ptext7                                 text7        000740
__ptext8                                 text8        00074A
__ptext9                                 text9        00070E
__ramtop                                 ramtop       000600
__smallconst                             smallconst   000000
_b                                       mediumconst  007D8D
_buffer                                  bssBANK0     000080
_buffer_size                             bssCOMRAM    00002E
_clock                                   mediumconst  007D0D
_cnt                                     bssCOMRAM    00002C
_dot                                     mediumconst  007DAD
_dots                                    mediumconst  007D9D
_foots                                   mediumconst  007CA3
_heart1                                  mediumconst  007D4D
_heart2                                  mediumconst  007D2D
_isprint                                 text13       0006E2
_m                                       mediumconst  007D6D
_main                                    text0        000070
_number                                  mediumconst  007BB3
_p                                       mediumconst  007D7D
_pre_state                               dataCOMRAM   000033
_putch                                   text12       000566
_state                                   dataCOMRAM   000034
_temp                                    mediumconst  007CCD
_thermometer                             mediumconst  007CED
_update_time                             text15       000754
_which_heart                             dataCOMRAM   000031
btemp                                    temp         000035
end_of_initialization                    cinit        000698
int$flags                                temp         000035
int_func                                 intcode_body 0003B8
intlevel0                                text         000000
intlevel1                                text         000000
intlevel2                                text         000000
intlevel3                                text         000000
isa$std                                  (abs)        000001
isa$xinst                                (abs)        000000
isprint@c                                cstackCOMRAM 000003
putch@data                               cstackCOMRAM 000003
stackhi                                  (abs)        000000
stacklo                                  (abs)        000000
start                                    init         00006C
start_initialization                     cinit        000662
ttemp5                                   temp         000036
ttemp6                                   temp         000039
ttemp7                                   temp         00003D
wtemp8                                   temp         000036


MODULE INFORMATION

Module		Function		Class		Link	Load	Size
uart.c
		_Lo_ISR        		CODE           	0018	0000	84
		_MyusartRead   		CODE           	05C8	0000	78
		_putch         		CODE           	0566	0000	98

uart.c estimated size: 260

timer.c
		_update_time   		CODE           	0754	0000	6

timer.c estimated size: 6

C:\Program Files\Microchip\xc8\v2.50\pic\sources\c99\common\isprint.c
		_isprint       		CODE           	06E2	0000	44

C:\Program Files\Microchip\xc8\v2.50\pic\sources\c99\common\isprint.c estimated size: 44

shared
		_foots         		MEDIUMCONST    	7CA3	0000	42
		_b             		MEDIUMCONST    	7D8D	0000	16
		_heart1        		MEDIUMCONST    	7D4D	0000	32
		_clock         		MEDIUMCONST    	7D0D	0000	32
		_m             		MEDIUMCONST    	7D6D	0000	16
		_p             		MEDIUMCONST    	7D7D	0000	16
		_dots          		MEDIUMCONST    	7D9D	0000	16
		_number        		MEDIUMCONST    	7BB3	0000	240
		_heart2        		MEDIUMCONST    	7D2D	0000	32
		__initialization		CODE           	0662	0000	54
		_dot           		MEDIUMCONST    	7DAD	0000	4
		_thermometer   		MEDIUMCONST    	7CED	0000	32
		_temp          		MEDIUMCONST    	7CCD	0000	32

shared estimated size: 564

oled.c
		_OLED_Clear    		CODE           	0616	0000	76
		_I2C_Write     		CODE           	0734	0000	12
		_I2C_Stop      		CODE           	0740	0000	10
		_I2C_Wait      		CODE           	070E	0000	38
		_OLED_Print    		CODE           	0502	0000	100
		_OLED_SetPageAndColumnAddress		CODE           	06A6	0000	60
		_OLED_PrintNumber		CODE           	047A	0000	136
		_I2C_Start     		CODE           	074A	0000	10
		_OLED_PrintChar		CODE           	02A4	0000	276

oled.c estimated size: 718

main.c
		_H_ISR         		CODE           	0008	0000	200
		_main          		CODE           	0070	0000	564

main.c estimated size: 764

